Component: ARM Compiler 5.06 update 7 (build 960) Tool: armlink [4d3601]

==============================================================================

Section Cross References

    startup_stm32f407xx.o(STACK) refers (Special) to heapauxi.o(.text) for __use_two_region_memory
    startup_stm32f407xx.o(HEAP) refers (Special) to heapauxi.o(.text) for __use_two_region_memory
    startup_stm32f407xx.o(RESET) refers (Special) to heapauxi.o(.text) for __use_two_region_memory
    startup_stm32f407xx.o(RESET) refers to startup_stm32f407xx.o(STACK) for __initial_sp
    startup_stm32f407xx.o(RESET) refers to startup_stm32f407xx.o(.text) for Reset_Handler
    startup_stm32f407xx.o(RESET) refers to stm32f4xx_it.o(i.NMI_Handler) for NMI_Handler
    startup_stm32f407xx.o(RESET) refers to stm32f4xx_it.o(i.HardFault_Handler) for HardFault_Handler
    startup_stm32f407xx.o(RESET) refers to stm32f4xx_it.o(i.MemManage_Handler) for MemManage_Handler
    startup_stm32f407xx.o(RESET) refers to stm32f4xx_it.o(i.BusFault_Handler) for BusFault_Handler
    startup_stm32f407xx.o(RESET) refers to stm32f4xx_it.o(i.UsageFault_Handler) for UsageFault_Handler
    startup_stm32f407xx.o(RESET) refers to port.o(.emb_text) for SVC_Handler
    startup_stm32f407xx.o(RESET) refers to stm32f4xx_it.o(i.DebugMon_Handler) for DebugMon_Handler
    startup_stm32f407xx.o(RESET) refers to port.o(i.SysTick_Handler) for SysTick_Handler
    startup_stm32f407xx.o(RESET) refers to stm32f4xx_it.o(i.DMA1_Stream1_IRQHandler) for DMA1_Stream1_IRQHandler
    startup_stm32f407xx.o(RESET) refers to stm32f4xx_it.o(i.TIM1_UP_TIM10_IRQHandler) for TIM1_UP_TIM10_IRQHandler
    startup_stm32f407xx.o(RESET) refers to stm32f4xx_it.o(i.USART1_IRQHandler) for USART1_IRQHandler
    startup_stm32f407xx.o(RESET) refers to stm32f4xx_it.o(i.USART3_IRQHandler) for USART3_IRQHandler
    startup_stm32f407xx.o(RESET) refers to stm32f4xx_it.o(i.TIM6_DAC_IRQHandler) for TIM6_DAC_IRQHandler
    startup_stm32f407xx.o(RESET) refers to stm32f4xx_it.o(i.DMA2_Stream2_IRQHandler) for DMA2_Stream2_IRQHandler
    startup_stm32f407xx.o(RESET) refers to stm32f4xx_it.o(i.DMA2_Stream7_IRQHandler) for DMA2_Stream7_IRQHandler
    startup_stm32f407xx.o(.text) refers (Special) to heapauxi.o(.text) for __use_two_region_memory
    startup_stm32f407xx.o(.text) refers to system_stm32f4xx.o(i.SystemInit) for SystemInit
    startup_stm32f407xx.o(.text) refers to __main.o(!!!main) for __main
    startup_stm32f407xx.o(.text) refers to startup_stm32f407xx.o(HEAP) for Heap_Mem
    startup_stm32f407xx.o(.text) refers to startup_stm32f407xx.o(STACK) for Stack_Mem
    main.o(i.HAL_TIM_PeriodElapsedCallback) refers to stm32f4xx_hal.o(i.HAL_IncTick) for HAL_IncTick
    main.o(i.SystemClock_Config) refers to rt_memclr_w.o(.text) for __aeabi_memclr4
    main.o(i.SystemClock_Config) refers to stm32f4xx_hal_rcc.o(i.HAL_RCC_OscConfig) for HAL_RCC_OscConfig
    main.o(i.SystemClock_Config) refers to stm32f4xx_hal_rcc.o(i.HAL_RCC_ClockConfig) for HAL_RCC_ClockConfig
    main.o(i.main) refers to stm32f4xx_hal.o(i.HAL_Init) for HAL_Init
    main.o(i.main) refers to main.o(i.SystemClock_Config) for SystemClock_Config
    main.o(i.main) refers to gpio.o(i.MX_GPIO_Init) for MX_GPIO_Init
    main.o(i.main) refers to spi.o(i.MX_SPI1_Init) for MX_SPI1_Init
    main.o(i.main) refers to tim.o(i.MX_TIM8_Init) for MX_TIM8_Init
    main.o(i.main) refers to tim.o(i.MX_TIM4_Init) for MX_TIM4_Init
    main.o(i.main) refers to usart.o(i.MX_USART1_UART_Init) for MX_USART1_UART_Init
    main.o(i.main) refers to i2c.o(i.MX_I2C1_Init) for MX_I2C1_Init
    main.o(i.main) refers to tim.o(i.MX_TIM5_Init) for MX_TIM5_Init
    main.o(i.main) refers to dma.o(i.MX_DMA_Init) for MX_DMA_Init
    main.o(i.main) refers to tim.o(i.MX_TIM6_Init) for MX_TIM6_Init
    main.o(i.main) refers to tim.o(i.MX_TIM3_Init) for MX_TIM3_Init
    main.o(i.main) refers to usart.o(i.MX_USART3_UART_Init) for MX_USART3_UART_Init
    main.o(i.main) refers to stm32f4xx_hal_tim.o(i.HAL_TIM_PWM_Start) for HAL_TIM_PWM_Start
    main.o(i.main) refers to stm32f4xx_hal_tim.o(i.HAL_TIM_Encoder_Start) for HAL_TIM_Encoder_Start
    main.o(i.main) refers to oled.o(i.OLED_Init) for OLED_Init
    main.o(i.main) refers to stm32f4xx_hal_gpio.o(i.HAL_GPIO_WritePin) for HAL_GPIO_WritePin
    main.o(i.main) refers to freertos.o(i.MX_FREERTOS_Init) for MX_FREERTOS_Init
    main.o(i.main) refers to cmsis_os.o(i.osKernelStart) for osKernelStart
    main.o(i.main) refers to tim.o(.bss) for htim8
    gpio.o(i.MX_GPIO_Init) refers to rt_memclr_w.o(.text) for __aeabi_memclr4
    gpio.o(i.MX_GPIO_Init) refers to stm32f4xx_hal_gpio.o(i.HAL_GPIO_WritePin) for HAL_GPIO_WritePin
    gpio.o(i.MX_GPIO_Init) refers to stm32f4xx_hal_gpio.o(i.HAL_GPIO_Init) for HAL_GPIO_Init
    freertos.o(i.MX_FREERTOS_Init) refers to pid.o(i.PID_SERVOX_Init) for PID_SERVOX_Init
    freertos.o(i.MX_FREERTOS_Init) refers to pid.o(i.PID_SERVO_POINT_Init) for PID_SERVO_POINT_Init
[...]
    .data                                    0x2000005c   Section        4  system_stm32f4xx.o(.data)
    .data                                    0x20000060   Section       60  tasks.o(.data)
    uxDeletedTasksWaitingCleanUp             0x20000064   Data           4  tasks.o(.data)
    uxCurrentNumberOfTasks                   0x20000068   Data           4  tasks.o(.data)
    xTickCount                               0x2000006c   Data           4  tasks.o(.data)
    uxTopReadyPriority                       0x20000070   Data           4  tasks.o(.data)
    xSchedulerRunning                        0x20000074   Data           4  tasks.o(.data)
    xPendedTicks                             0x20000078   Data           4  tasks.o(.data)
    xYieldPending                            0x2000007c   Data           4  tasks.o(.data)
    xNumOfOverflows                          0x20000080   Data           4  tasks.o(.data)
    uxTaskNumber                             0x20000084   Data           4  tasks.o(.data)
    xNextTaskUnblockTime                     0x20000088   Data           4  tasks.o(.data)
    xIdleTaskHandle                          0x2000008c   Data           4  tasks.o(.data)
    uxSchedulerSuspended                     0x20000090   Data           4  tasks.o(.data)
    pxDelayedTaskList                        0x20000094   Data           4  tasks.o(.data)
    pxOverflowDelayedTaskList                0x20000098   Data           4  tasks.o(.data)
    .data                                    0x2000009c   Section       32  heap_4.o(.data)
    pxEnd                                    0x2000009c   Data           4  heap_4.o(.data)
    xFreeBytesRemaining                      0x200000a0   Data           4  heap_4.o(.data)
    xMinimumEverFreeBytesRemaining           0x200000a4   Data           4  heap_4.o(.data)
    xNumberOfSuccessfulAllocations           0x200000a8   Data           4  heap_4.o(.data)
    xNumberOfSuccessfulFrees                 0x200000ac   Data           4  heap_4.o(.data)
    xBlockAllocatedBit                       0x200000b0   Data           4  heap_4.o(.data)
    xStart                                   0x200000b4   Data           8  heap_4.o(.data)
    .data                                    0x200000bc   Section       12  port.o(.data)
    ucMaxSysCallPriority                     0x200000bc   Data           1  port.o(.data)
    uxCriticalNesting                        0x200000c0   Data           4  port.o(.data)
    ulMaxPRIGROUPValue                       0x200000c4   Data           4  port.o(.data)
    .data                                    0x200000c8   Section        1  key.o(.data)
    key_up                                   0x200000c8   Data           1  key.o(.data)
    .bss                                     0x200000cc   Section     1092  freertos.o(.bss)
    xIdleTaskTCBBuffer                       0x200002bc   Data          84  freertos.o(.bss)
    xIdleStack                               0x20000310   Data         512  freertos.o(.bss)
    .bss                                     0x20000510   Section       84  i2c.o(.bss)
    .bss                                     0x20000564   Section       88  spi.o(.bss)
    .bss                                     0x200005bc   Section      360  tim.o(.bss)
    .bss                                     0x20000724   Section      424  usart.o(.bss)
    .bss                                     0x200008cc   Section       72  stm32f4xx_hal_timebase_tim.o(.bss)
    .bss                                     0x20000914   Section      240  tasks.o(.bss)
    pxReadyTasksLists                        0x20000914   Data         140  tasks.o(.bss)
    xDelayedTaskList1                        0x200009a0   Data          20  tasks.o(.bss)
    xDelayedTaskList2                        0x200009b4   Data          20  tasks.o(.bss)
    xPendingReadyList                        0x200009c8   Data          20  tasks.o(.bss)
    xTasksWaitingTermination                 0x200009dc   Data          20  tasks.o(.bss)
    xSuspendedTaskList                       0x200009f0   Data          20  tasks.o(.bss)
    .bss                                     0x20000a04   Section    15360  heap_4.o(.bss)
    ucHeap                                   0x20000a04   Data       15360  heap_4.o(.bss)
    .bss                                     0x20004604   Section       96  libspace.o(.bss)
    HEAP                                     0x20004668   Section      512  startup_stm32f407xx.o(HEAP)
    Heap_Mem                                 0x20004668   Data         512  startup_stm32f407xx.o(HEAP)
    STACK                                    0x20004868   Section     1024  startup_stm32f407xx.o(STACK)
    Stack_Mem                                0x20004868   Data        1024  startup_stm32f407xx.o(STACK)
    __initial_sp                             0x20004c68   Data           0  startup_stm32f407xx.o(STACK)

    Global Symbols

    Symbol Name                              Value     Ov Type        Size  Object(Section)

    BuildAttributes$$THM_ISAv4$E$P$D$K$B$S$7EM$VFPi3$EXTD16$VFPS$VFMA$PE$A:L22UL41UL21$X:L11$S22US41US21$IEEE1$IW$USESV6$~STKCKD$USESV7$~SHL$OTIME$ROPI$IEEEX$EBA8$UX$STANDARDLIB$REQ8$PRES8$EABIv2 0x00000000   Number         0  anon$$obj.o ABSOLUTE
    __ARM_use_no_argv                        0x00000000   Number         0  main.o ABSOLUTE
    __ARM_exceptions_init                     - Undefined Weak Reference
    __alloca_initialize                       - Undefined Weak Reference
    __arm_fini_                               - Undefined Weak Reference
    __arm_preinit_                            - Undefined Weak Reference
    __cpp_initialize__aeabi_                  - Undefined Weak Reference
    __cxa_finalize                            - Undefined Weak Reference
    __rt_locale                               - Undefined Weak Reference
    __sigvec_lookup                           - Undefined Weak Reference
    _atexit_init                              - Undefined Weak Reference
    _call_atexit_fns                          - Undefined Weak Reference
    _clock_init                               - Undefined Weak Reference
    _fp_trap_init                             - Undefined Weak Reference
    _fp_trap_shutdown                         - Undefined Weak Reference
    _get_lc_collate                           - Undefined Weak Reference
    _get_lc_ctype                             - Undefined Weak Reference
    _get_lc_monetary                          - Undefined Weak Reference
    _get_lc_numeric                           - Undefined Weak Reference
    _get_lc_time                              - Undefined Weak Reference
    _getenv_init                              - Undefined Weak Reference
    _handle_redirection                       - Undefined Weak Reference
    _init_alloc                               - Undefined Weak Reference
    _init_user_alloc                          - Undefined Weak Reference
    _initio                                   - Undefined Weak Reference
    _printf_post_padding                      - Undefined Weak Reference
    _printf_pre_padding                       - Undefined Weak Reference
    _printf_truncate_signed                   - Undefined Weak Reference
    _printf_truncate_unsigned                 - Undefined Weak Reference
    _rand_init                                - Undefined Weak Reference
    _signal_finish                            - Undefined Weak Reference
    _signal_init                              - Undefined Weak Reference
    _terminate_alloc                          - Undefined Weak Reference
    _terminate_user_alloc                     - Undefined Weak Reference
    _terminateio                              - Undefined Weak Reference
    __Vectors_Size                           0x00000188   Number         0  startup_stm32f407xx.o ABSOLUTE
    __Vectors                                0x08000000   Data           4  startup_stm32f407xx.o(RESET)
    __Vectors_End                            0x08000188   Data           0  startup_stm32f407xx.o(RESET)
    __main                                   0x08000189   Thumb Code     8  __main.o(!!!main)
    __scatterload                            0x08000191   Thumb Code     0  __scatter.o(!!!scatter)
    __scatterload_rt2                        0x08000191   Thumb Code    44  __scatter.o(!!!scatter)
    __scatterload_rt2_thumb_only             0x08000191   Thumb Code     0  __scatter.o(!!!scatter)
    __scatterload_null                       0x0800019f   Thumb Code     0  __scatter.o(!!!scatter)
    __scatterload_copy                       0x080001c5   Thumb Code    26  __scatter_copy.o(!!handler_copy)
    __scatterload_zeroinit                   0x080001e1   Thumb Code    28  __scatter_zi.o(!!handler_zi)
    _printf_d                                0x080001fd   Thumb Code     0  _printf_d.o(.ARM.Collect$$_printf_percent$$00000009)
    _printf_percent                          0x080001fd   Thumb Code     0  _printf_percent.o(.ARM.Collect$$_printf_percent$$00000000)
    _printf_percent_end                      0x08000203   Thumb Code     0  _printf_percent_end.o(.ARM.Collect$$_printf_percent$$00000017)
    __rt_lib_init                            0x08000207   Thumb Code     0  libinit.o(.ARM.Collect$$libinit$$00000000)
    __rt_lib_init_fp_1                       0x08000209   Thumb Code     0  libinit2.o(.ARM.Collect$$libinit$$00000001)
    __rt_lib_init_alloca_1                   0x0800020d   Thumb Code     0  libinit2.o(.ARM.Collect$$libinit$$0000002E)
    __rt_lib_init_argv_1                     0x0800020d   Thumb Code     0  libinit2.o(.ARM.Collect$$libinit$$0000002C)
    __rt_lib_init_atexit_1                   0x0800020d   Thumb Code     0  libinit2.o(.ARM.Collect$$libinit$$0000001B)
    __rt_lib_init_clock_1                    0x0800020d   Thumb Code     0  libinit2.o(.ARM.Collect$$libinit$$00000021)
    __rt_lib_init_cpp_1                      0x0800020d   Thumb Code     0  libinit2.o(.ARM.Collect$$libinit$$00000032)
    __rt_lib_init_exceptions_1               0x0800020d   Thumb Code     0  libinit2.o(.ARM.Collect$$libinit$$00000030)
    __rt_lib_init_fp_trap_1                  0x0800020d   Thumb Code     0  libinit2.o(.ARM.Collect$$libinit$$0000001F)
    __rt_lib_init_getenv_1                   0x0800020d   Thumb Code     0  libinit2.o(.ARM.Collect$$libinit$$00000023)
    __rt_lib_init_heap_1                     0x0800020d   Thumb Code     0  libinit2.o(.ARM.Collect$$libinit$$0000000A)
    __rt_lib_init_lc_collate_1               0x0800020d   Thumb Code     0  libinit2.o(.ARM.Collect$$libinit$$00000011)
    __rt_lib_init_lc_ctype_1                 0x0800020d   Thumb Code     0  libinit2.o(.ARM.Collect$$libinit$$00000013)
    __rt_lib_init_lc_monetary_1              0x0800020d   Thumb Code     0  libinit2.o(.ARM.Collect$$libinit$$00000015)
    __rt_lib_init_lc_numeric_1               0x0800020d   Thumb Code     0  libinit2.o(.ARM.Collect$$libinit$$00000017)
    __rt_lib_init_lc_time_1                  0x0800020d   Thumb Code     0  libinit2.o(.ARM.Collect$$libinit$$00000019)
    __rt_lib_init_preinit_1                  0x0800020d   Thumb Code     0  libinit2.o(.ARM.Collect$$libinit$$00000004)
    __rt_lib_init_rand_1                     0x0800020d   Thumb Code     0  libinit2.o(.ARM.Collect$$libinit$$0000000E)
    __rt_lib_init_return                     0x0800020d   Thumb Code     0  libinit2.o(.ARM.Collect$$libinit$$00000033)
    __rt_lib_init_signal_1                   0x0800020d   Thumb Code     0  libinit2.o(.ARM.Collect$$libinit$$0000001D)
    __rt_lib_init_stdio_1                    0x0800020d   Thumb Code     0  libinit2.o(.ARM.Collect$$libinit$$00000025)
    __rt_lib_init_user_alloc_1               0x0800020d   Thumb Code     0  libinit2.o(.ARM.Collect$$libinit$$0000000C)
    __rt_lib_shutdown                        0x0800020f   Thumb Code     0  libshutdown.o(.ARM.Collect$$libshutdown$$00000000)
    __rt_lib_shutdown_cpp_1                  0x08000211   Thumb Code     0  libshutdown2.o(.ARM.Collect$$libshutdown$$00000004)
    __rt_lib_shutdown_fini_1                 0x08000211   Thumb Code     0  libshutdown2.o(.ARM.Collect$$libshutdown$$00000002)
    __rt_lib_shutdown_fp_trap_1              0x08000211   Thumb Code     0  libshutdown2.o(.ARM.Collect$$libshutdown$$00000009)
    __rt_lib_shutdown_heap_1                 0x08000211   Thumb Code     0  libshutdown2.o(.ARM.Collect$$libshutdown$$00000011)
    __rt_lib_shutdown_return                 0x08000211   Thumb Code     0  libshutdown2.o(.ARM.Collect$$libshutdown$$00000012)
    __rt_lib_shutdown_signal_1               0x08000211   Thumb Code     0  libshutdown2.o(.ARM.Collect$$libshutdown$$0000000C)
    __rt_lib_shutdown_stdio_1                0x08000211   Thumb Code     0  libshutdown2.o(.ARM.Collect$$libshutdown$$00000006)
    __rt_lib_shutdown_user_alloc_1           0x08000211   Thumb Code     0  libshutdown2.o(.ARM.Collect$$libshutdown$$0000000E)
    __rt_entry                               0x08000213   Thumb Code     0  __rtentry.o(.ARM.Collect$$rtentry$$00000000)
    __rt_entry_presh_1                       0x08000213   Thumb Code     0  __rtentry2.o(.ARM.Collect$$rtentry$$00000002)
    __rt_entry_sh                            0x08000213   Thumb Code     0  __rtentry4.o(.ARM.Collect$$rtentry$$00000004)
    __rt_entry_li                            0x08000219   Thumb Code     0  __rtentry2.o(.ARM.Collect$$rtentry$$0000000A)
    __rt_entry_postsh_1                      0x08000219   Thumb Code     0  __rtentry2.o(.ARM.Collect$$rtentry$$00000009)
    __rt_entry_main                          0x0800021d   Thumb Code     0  __rtentry2.o(.ARM.Collect$$rtentry$$0000000D)
    __rt_entry_postli_1                      0x0800021d   Thumb Code     0  __rtentry2.o(.ARM.Collect$$rtentry$$0000000C)
    __rt_exit                                0x08000225   Thumb Code     0  rtexit.o(.ARM.Collect$$rtexit$$00000000)
    __rt_exit_ls                             0x08000227   Thumb Code     0  rtexit2.o(.ARM.Collect$$rtexit$$00000003)
    __rt_exit_prels_1                        0x08000227   Thumb Code     0  rtexit2.o(.ARM.Collect$$rtexit$$00000002)
    __rt_exit_exit                           0x0800022b   Thumb Code     0  rtexit2.o(.ARM.Collect$$rtexit$$00000004)
    SVC_Handler                              0x08000231   Thumb Code    28  port.o(.emb_text)
    __asm___6_port_c_39a90d8d__prvStartFirstTask 0x08000251   Thumb Code    36  port.o(.emb_text)
    __asm___6_port_c_39a90d8d__prvEnableVFP  0x08000279   Thumb Code    16  port.o(.emb_text)
    PendSV_Handler                           0x0800028d   Thumb Code    88  port.o(.emb_text)
    vPortGetIPSR                             0x080002e9   Thumb Code     6  port.o(.emb_text)
    Reset_Handler                            0x080002f1   Thumb Code     8  startup_stm32f407xx.o(.text)
    ADC_IRQHandler                           0x0800030b   Thumb Code     0  startup_stm32f407xx.o(.text)
    CAN1_RX0_IRQHandler                      0x0800030b   Thumb Code     0  startup_stm32f407xx.o(.text)
    CAN1_RX1_IRQHandler                      0x0800030b   Thumb Code     0  startup_stm32f407xx.o(.text)
    CAN1_SCE_IRQHandler                      0x0800030b   Thumb Code     0  startup_stm32f407xx.o(.text)
    CAN1_TX_IRQHandler                       0x0800030b   Thumb Code     0  startup_stm32f407xx.o(.text)
    CAN2_RX0_IRQHandler                      0x0800030b   Thumb Code     0  startup_stm32f407xx.o(.text)
    CAN2_RX1_IRQHandler                      0x0800030b   Thumb Code     0  startup_stm32f407xx.o(.text)
    CAN2_SCE_IRQHandler                      0x0800030b   Thumb Code     0  startup_stm32f407xx.o(.text)
    CAN2_TX_IRQHandler                       0x0800030b   Thumb Code     0  startup_stm32f407xx.o(.text)
    DCMI_IRQHandler                          0x0800030b   Thumb Code     0  startup_stm32f407xx.o(.text)
    DMA1_Stream0_IRQHandler                  0x0800030b   Thumb Code     0  startup_stm32f407xx.o(.text)
    DMA1_Stream2_IRQHandler                  0x0800030b   Thumb Code     0  startup_stm32f407xx.o(.text)
    DMA1_Stream3_IRQHandler                  0x0800030b   Thumb Code     0  startup_stm32f407xx.o(.text)
    DMA1_Stream4_IRQHandler                  0x0800030b   Thumb Code     0  startup_stm32f407xx.o(.text)
    DMA1_Stream5_IRQHandler                  0x0800030b   Thumb Code     0  startup_stm32f407xx.o(.text)
    DMA1_Stream6_IRQHandler                  0x0800030b   Thumb Code     0  startup_stm32f407xx.o(.text)
    DMA1_Stream7_IRQHandler                  0x0800030b   Thumb Code     0  startup_stm32f407xx.o(.text)
    DMA2_Stream0_IRQHandler                  0x0800030b   Thumb Code     0  startup_stm32f407xx.o(.text)
    DMA2_Stream1_IRQHandler                  0x0800030b   Thumb Code     0  startup_stm32f407xx.o(.text)
    DMA2_Stream3_IRQHandler                  0x0800030b   Thumb Code     0  startup_stm32f407xx.o(.text)
    DMA2_Stream4_IRQHandler                  0x0800030b   Thumb Code     0  startup_stm32f407xx.o(.text)
    DMA2_Stream5_IRQHandler                  0x0800030b   Thumb Code     0  startup_stm32f407xx.o(.text)
    DMA2_Stream6_IRQHandler                  0x0800030b   Thumb Code     0  startup_stm32f407xx.o(.text)
    ETH_IRQHandler                           0x0800030b   Thumb Code     0  startup_stm32f407xx.o(.text)
    ETH_WKUP_IRQHandler                      0x0800030b   Thumb Code     0  startup_stm32f407xx.o(.text)
    EXTI0_IRQHandler                         0x0800030b   Thumb Code     0  startup_stm32f407xx.o(.text)
    EXTI15_10_IRQHandler                     0x0800030b   Thumb Code     0  startup_stm32f407xx.o(.text)
    EXTI1_IRQHandler                         0x0800030b   Thumb Code     0  startup_stm32f407xx.o(.text)
    EXTI2_IRQHandler                         0x0800030b   Thumb Code     0  startup_stm32f407xx.o(.text)
    EXTI3_IRQHandler                         0x0800030b   Thumb Code     0  startup_stm32f407xx.o(.text)
    EXTI4_IRQHandler                         0x0800030b   Thumb Code     0  startup_stm32f407xx.o(.text)
    EXTI9_5_IRQHandler                       0x0800030b   Thumb Code     0  startup_stm32f407xx.o(.text)
    FLASH_IRQHandler                         0x0800030b   Thumb Code     0  startup_stm32f407xx.o(.text)
    FMC_IRQHandler                           0x0800030b   Thumb Code     0  startup_stm32f407xx.o(.text)
    FPU_IRQHandler                           0x0800030b   Thumb Code     0  startup_stm32f407xx.o(.text)
    HASH_RNG_IRQHandler                      0x0800030b   Thumb Code     0  startup_stm32f407xx.o(.text)
    I2C1_ER_IRQHandler                       0x0800030b   Thumb Code     0  startup_stm32f407xx.o(.text)
    I2C1_EV_IRQHandler                       0x0800030b   Thumb Code     0  startup_stm32f407xx.o(.text)
    I2C2_ER_IRQHandler                       0x0800030b   Thumb Code     0  startup_stm32f407xx.o(.text)
    I2C2_EV_IRQHandler                       0x0800030b   Thumb Code     0  startup_stm32f407xx.o(.text)
    I2C3_ER_IRQHandler                       0x0800030b   Thumb Code     0  startup_stm32f407xx.o(.text)
    I2C3_EV_IRQHandler                       0x0800030b   Thumb Code     0  startup_stm32f407xx.o(.text)
    OTG_FS_IRQHandler                        0x0800030b   Thumb Code     0  startup_stm32f407xx.o(.text)
    OTG_FS_WKUP_IRQHandler                   0x0800030b   Thumb Code     0  startup_stm32f407xx.o(.text)
    OTG_HS_EP1_IN_IRQHandler                 0x0800030b   Thumb Code     0  startup_stm32f407xx.o(.text)
    OTG_HS_EP1_OUT_IRQHandler                0x0800030b   Thumb Code     0  startup_stm32f407xx.o(.text)
    OTG_HS_IRQHandler                        0x0800030b   Thumb Code     0  startup_stm32f407xx.o(.text)
    OTG_HS_WKUP_IRQHandler                   0x0800030b   Thumb Code     0  startup_stm32f407xx.o(.text)
    PVD_IRQHandler                           0x0800030b   Thumb Code     0  startup_stm32f407xx.o(.text)
    RCC_IRQHandler                           0x0800030b   Thumb Code     0  startup_stm32f407xx.o(.text)
    RTC_Alarm_IRQHandler                     0x0800030b   Thumb Code     0  startup_stm32f407xx.o(.text)
    RTC_WKUP_IRQHandler                      0x0800030b   Thumb Code     0  startup_stm32f407xx.o(.text)
    SDIO_IRQHandler                          0x0800030b   Thumb Code     0  startup_stm32f407xx.o(.text)
    SPI1_IRQHandler                          0x0800030b   Thumb Code     0  startup_stm32f407xx.o(.text)
    SPI2_IRQHandler                          0x0800030b   Thumb Code     0  startup_stm32f407xx.o(.text)
    SPI3_IRQHandler                          0x0800030b   Thumb Code     0  startup_stm32f407xx.o(.text)
    TAMP_STAMP_IRQHandler                    0x0800030b   Thumb Code     0  startup_stm32f407xx.o(.text)
    TIM1_BRK_TIM9_IRQHandler                 0x0800030b   Thumb Code     0  startup_stm32f407xx.o(.text)
    TIM1_CC_IRQHandler                       0x0800030b   Thumb Code     0  startup_stm32f407xx.o(.text)
    TIM1_TRG_COM_TIM11_IRQHandler            0x0800030b   Thumb Code     0  startup_stm32f407xx.o(.text)
    TIM2_IRQHandler                          0x0800030b   Thumb Code     0  startup_stm32f407xx.o(.text)
    TIM3_IRQHandler                          0x0800030b   Thumb Code     0  startup_stm32f407xx.o(.text)
    TIM4_IRQHandler                          0x0800030b   Thumb Code     0  startup_stm32f407xx.o(.text)
    TIM5_IRQHandler                          0x0800030b   Thumb Code     0  startup_stm32f407xx.o(.text)
    TIM7_IRQHandler                          0x0800030b   Thumb Code     0  startup_stm32f407xx.o(.text)
    TIM8_BRK_TIM12_IRQHandler                0x0800030b   Thumb Code     0  startup_stm32f407xx.o(.text)
    TIM8_CC_IRQHandler                       0x0800030b   Thumb Code     0  startup_stm32f407xx.o(.text)
    TIM8_TRG_COM_TIM14_IRQHandler            0x0800030b   Thumb Code     0  startup_stm32f407xx.o(.text)
    TIM8_UP_TIM13_IRQHandler                 0x0800030b   Thumb Code     0  startup_stm32f407xx.o(.text)
    UART4_IRQHandler                         0x0800030b   Thumb Code     0  startup_stm32f407xx.o(.text)
    UART5_IRQHandler                         0x0800030b   Thumb Code     0  startup_stm32f407xx.o(.text)
    USART2_IRQHandler                        0x0800030b   Thumb Code     0  startup_stm32f407xx.o(.text)
    USART6_IRQHandler                        0x0800030b   Thumb Code     0  startup_stm32f407xx.o(.text)
    WWDG_IRQHandler                          0x0800030b   Thumb Code     0  startup_stm32f407xx.o(.text)
    __user_initial_stackheap                 0x0800030d   Thumb Code     0  startup_stm32f407xx.o(.text)
    __aeabi_uldivmod                         0x08000331   Thumb Code     0  lludivv7m.o(.text)
    _ll_udiv                                 0x08000331   Thumb Code   238  lludivv7m.o(.text)
    __2sprintf                               0x08000421   Thumb Code    34  noretval__2sprintf.o(.text)
    __printf                                 0x08000449   Thumb Code   104  __printf.o(.text)
    _printf_int_dec                          0x080004b1   Thumb Code   104  _printf_dec.o(.text)
    __aeabi_memcpy                           0x08000529   Thumb Code     0  rt_memcpy_v6.o(.text)
    __rt_memcpy                              0x08000529   Thumb Code   138  rt_memcpy_v6.o(.text)
    _memcpy_lastbytes                        0x0800058f   Thumb Code     0  rt_memcpy_v6.o(.text)
    __aeabi_memcpy4                          0x080005b3   Thumb Code     0  rt_memcpy_w.o(.text)
    __aeabi_memcpy8                          0x080005b3   Thumb Code     0  rt_memcpy_w.o(.text)
    __rt_memcpy_w                            0x080005b3   Thumb Code   100  rt_memcpy_w.o(.text)
    _memcpy_lastbytes_aligned                0x080005fb   Thumb Code     0  rt_memcpy_w.o(.text)
    __aeabi_memclr4                          0x08000617   Thumb Code     0  rt_memclr_w.o(.text)
    __aeabi_memclr8                          0x08000617   Thumb Code     0  rt_memclr_w.o(.text)
    __rt_memclr_w                            0x08000617   Thumb Code    78  rt_memclr_w.o(.text)
    _memset_w                                0x0800061b   Thumb Code     0  rt_memclr_w.o(.text)
    __use_two_region_memory                  0x08000665   Thumb Code     2  heapauxi.o(.text)
    __rt_heap_escrow$2region                 0x08000667   Thumb Code     2  heapauxi.o(.text)
    __rt_heap_expand$2region                 0x08000669   Thumb Code     2  heapauxi.o(.text)
    _printf_int_common                       0x0800066b   Thumb Code   178  _printf_intcommon.o(.text)
    _printf_char_common                      0x08000727   Thumb Code    32  _printf_char_common.o(.text)
    _sputc                                   0x0800074d   Thumb Code    10  _sputc.o(.text)
    __user_libspace                          0x08000759   Thumb Code     8  libspace.o(.text)
    __user_perproc_libspace                  0x08000759   Thumb Code     0  libspace.o(.text)
    __user_perthread_libspace                0x08000759   Thumb Code     0  libspace.o(.text)
    __user_setup_stackheap                   0x08000761   Thumb Code    74  sys_stackheap_outer.o(.text)
    exit                                     0x080007ab   Thumb Code    18  exit.o(.text)
    _sys_exit                                0x080007bd   Thumb Code     8  sys_exit.o(.text)
    __I$use$semihosting                      0x080007c9   Thumb Code     0  use_no_semi.o(.text)
    __use_no_semihosting_swi                 0x080007c9   Thumb Code     2  use_no_semi.o(.text)
    BusFault_Handler                         0x080007cb   Thumb Code     2  stm32f4xx_it.o(i.BusFault_Handler)
    __semihosting_library_function           0x080007cb   Thumb Code     0  indicate_semi.o(.text)
    DMA1_Stream1_IRQHandler                  0x080007cd   Thumb Code     6  stm32f4xx_it.o(i.DMA1_Stream1_IRQHandler)
    DMA2_Stream2_IRQHandler                  0x080007d9   Thumb Code     6  stm32f4xx_it.o(i.DMA2_Stream2_IRQHandler)
    DMA2_Stream7_IRQHandler                  0x080007e5   Thumb Code     6  stm32f4xx_it.o(i.DMA2_Stream7_IRQHandler)
    DebugMon_Handler                         0x08000895   Thumb Code     2  stm32f4xx_it.o(i.DebugMon_Handler)
    Encoder_Init                             0x08000897   Thumb Code     8  encoder.o(i.Encoder_Init)
    Error_Handler                            0x0800089f   Thumb Code     4  main.o(i.Error_Handler)
    HAL_DMA_Abort                            0x080008a3   Thumb Code   146  stm32f4xx_hal_dma.o(i.HAL_DMA_Abort)
    HAL_DMA_Abort_IT                         0x08000935   Thumb Code    36  stm32f4xx_hal_dma.o(i.HAL_DMA_Abort_IT)
    HAL_DMA_IRQHandler                       0x08000959   Thumb Code   412  stm32f4xx_hal_dma.o(i.HAL_DMA_IRQHandler)
    HAL_DMA_Init                             0x08000af9   Thumb Code   206  stm32f4xx_hal_dma.o(i.HAL_DMA_Init)
    HAL_DMA_Start_IT                         0x08000bcd   Thumb Code   110  stm32f4xx_hal_dma.o(i.HAL_DMA_Start_IT)
    HAL_Delay                                0x08000c3d   Thumb Code    32  stm32f4xx_hal.o(i.HAL_Delay)
    HAL_GPIO_Init                            0x08000c61   Thumb Code   450  stm32f4xx_hal_gpio.o(i.HAL_GPIO_Init)
    HAL_GPIO_ReadPin                         0x08000e51   Thumb Code    10  stm32f4xx_hal_gpio.o(i.HAL_GPIO_ReadPin)
    HAL_GPIO_WritePin                        0x08000e5b   Thumb Code    10  stm32f4xx_hal_gpio.o(i.HAL_GPIO_WritePin)
    HAL_GetTick                              0x08000e65   Thumb Code     6  stm32f4xx_hal.o(i.HAL_GetTick)
    HAL_I2C_Init                             0x08000e71   Thumb Code   376  stm32f4xx_hal_i2c.o(i.HAL_I2C_Init)
    HAL_I2C_MspInit                          0x08000ff9   Thumb Code    94  i2c.o(i.HAL_I2C_MspInit)
    HAL_IncTick                              0x08001065   Thumb Code    12  stm32f4xx_hal.o(i.HAL_IncTick)
    HAL_Init                                 0x08001075   Thumb Code    48  stm32f4xx_hal.o(i.HAL_Init)
    HAL_InitTick                             0x080010a9   Thumb Code   100  stm32f4xx_hal_timebase_tim.o(i.HAL_InitTick)
    HAL_MspInit                              0x0800111d   Thumb Code    52  stm32f4xx_hal_msp.o(i.HAL_MspInit)
    HAL_NVIC_EnableIRQ                       0x08001155   Thumb Code    26  stm32f4xx_hal_cortex.o(i.HAL_NVIC_EnableIRQ)
    HAL_NVIC_SetPriority                     0x08001171   Thumb Code    60  stm32f4xx_hal_cortex.o(i.HAL_NVIC_SetPriority)
    HAL_NVIC_SetPriorityGrouping             0x080011b1   Thumb Code    26  stm32f4xx_hal_cortex.o(i.HAL_NVIC_SetPriorityGrouping)
    HAL_RCC_ClockConfig                      0x080011d5   Thumb Code   288  stm32f4xx_hal_rcc.o(i.HAL_RCC_ClockConfig)
    HAL_RCC_GetClockConfig                   0x08001309   Thumb Code    54  stm32f4xx_hal_rcc.o(i.HAL_RCC_GetClockConfig)
    HAL_RCC_GetPCLK1Freq                     0x08001349   Thumb Code    20  stm32f4xx_hal_rcc.o(i.HAL_RCC_GetPCLK1Freq)
    HAL_RCC_GetPCLK2Freq                     0x08001369   Thumb Code    20  stm32f4xx_hal_rcc.o(i.HAL_RCC_GetPCLK2Freq)
    HAL_RCC_GetSysClockFreq                  0x08001389   Thumb Code    88  stm32f4xx_hal_rcc.o(i.HAL_RCC_GetSysClockFreq)
    HAL_RCC_OscConfig                        0x080013e9   Thumb Code   856  stm32f4xx_hal_rcc.o(i.HAL_RCC_OscConfig)
    HAL_SPI_Init                             0x08001755   Thumb Code   188  stm32f4xx_hal_spi.o(i.HAL_SPI_Init)
    HAL_SPI_MspInit                          0x08001811   Thumb Code    92  spi.o(i.HAL_SPI_MspInit)
    HAL_SPI_Transmit                         0x08001879   Thumb Code   358  stm32f4xx_hal_spi.o(i.HAL_SPI_Transmit)
    HAL_TIMEx_BreakCallback                  0x080019df   Thumb Code     2  stm32f4xx_hal_tim_ex.o(i.HAL_TIMEx_BreakCallback)
    HAL_TIMEx_CommutCallback                 0x080019e1   Thumb Code     2  stm32f4xx_hal_tim_ex.o(i.HAL_TIMEx_CommutCallback)
    HAL_TIMEx_ConfigBreakDeadTime            0x080019e3   Thumb Code    84  stm32f4xx_hal_tim_ex.o(i.HAL_TIMEx_ConfigBreakDeadTime)
    HAL_TIMEx_MasterConfigSynchronization    0x08001a39   Thumb Code   116  stm32f4xx_hal_tim_ex.o(i.HAL_TIMEx_MasterConfigSynchronization)
    HAL_TIM_Base_Init                        0x08001ac9   Thumb Code    90  stm32f4xx_hal_tim.o(i.HAL_TIM_Base_Init)
    HAL_TIM_Base_MspInit                     0x08001b25   Thumb Code    84  tim.o(i.HAL_TIM_Base_MspInit)
    HAL_TIM_Base_Start_IT                    0x08001b89   Thumb Code   100  stm32f4xx_hal_tim.o(i.HAL_TIM_Base_Start_IT)
    HAL_TIM_ConfigClockSource                0x08001c09   Thumb Code   220  stm32f4xx_hal_tim.o(i.HAL_TIM_ConfigClockSource)
    HAL_TIM_Encoder_Init                     0x08001ce5   Thumb Code   164  stm32f4xx_hal_tim.o(i.HAL_TIM_Encoder_Init)
    HAL_TIM_Encoder_MspInit                  0x08001d89   Thumb Code   140  tim.o(i.HAL_TIM_Encoder_MspInit)
    HAL_TIM_Encoder_Start                    0x08001e29   Thumb Code   142  stm32f4xx_hal_tim.o(i.HAL_TIM_Encoder_Start)
    HAL_TIM_IC_CaptureCallback               0x08001eb7   Thumb Code     2  stm32f4xx_hal_tim.o(i.HAL_TIM_IC_CaptureCallback)
    HAL_TIM_IRQHandler                       0x08001eb9   Thumb Code   358  stm32f4xx_hal_tim.o(i.HAL_TIM_IRQHandler)
    HAL_TIM_MspPostInit                      0x08002021   Thumb Code   110  tim.o(i.HAL_TIM_MspPostInit)
    HAL_TIM_OC_DelayElapsedCallback          0x080020a5   Thumb Code     2  stm32f4xx_hal_tim.o(i.HAL_TIM_OC_DelayElapsedCallback)
    HAL_TIM_PWM_ConfigChannel                0x080020a7   Thumb Code   204  stm32f4xx_hal_tim.o(i.HAL_TIM_PWM_ConfigChannel)
    HAL_TIM_PWM_Init                         0x08002173   Thumb Code    90  stm32f4xx_hal_tim.o(i.HAL_TIM_PWM_Init)
    HAL_TIM_PWM_MspInit                      0x080021cd   Thumb Code     2  stm32f4xx_hal_tim.o(i.HAL_TIM_PWM_MspInit)
    HAL_TIM_PWM_PulseFinishedCallback        0x080021cf   Thumb Code     2  stm32f4xx_hal_tim.o(i.HAL_TIM_PWM_PulseFinishedCallback)
    HAL_TIM_PWM_Start                        0x080021d1   Thumb Code   172  stm32f4xx_hal_tim.o(i.HAL_TIM_PWM_Start)
    HAL_TIM_PeriodElapsedCallback            0x08002299   Thumb Code    14  main.o(i.HAL_TIM_PeriodElapsedCallback)
    HAL_TIM_TriggerCallback                  0x080022ad   Thumb Code     2  stm32f4xx_hal_tim.o(i.HAL_TIM_TriggerCallback)
    HAL_UARTEx_RxEventCallback               0x080022af   Thumb Code     2  stm32f4xx_hal_uart.o(i.HAL_UARTEx_RxEventCallback)
    HAL_UART_DMAStop                         0x080022b1   Thumb Code   112  stm32f4xx_hal_uart.o(i.HAL_UART_DMAStop)
    HAL_UART_ErrorCallback                   0x08002321   Thumb Code     2  stm32f4xx_hal_uart.o(i.HAL_UART_ErrorCallback)
    HAL_UART_IRQHandler                      0x08002325   Thumb Code   610  stm32f4xx_hal_uart.o(i.HAL_UART_IRQHandler)
    HAL_UART_Init                            0x0800258d   Thumb Code    98  stm32f4xx_hal_uart.o(i.HAL_UART_Init)
    HAL_UART_MspInit                         0x080025f1   Thumb Code   364  usart.o(i.HAL_UART_MspInit)
    HAL_UART_Receive_DMA                     0x0800277d   Thumb Code    42  stm32f4xx_hal_uart.o(i.HAL_UART_Receive_DMA)
    HAL_UART_RxCpltCallback                  0x080027a7   Thumb Code     2  stm32f4xx_hal_uart.o(i.HAL_UART_RxCpltCallback)
    HAL_UART_RxHalfCpltCallback              0x080027a9   Thumb Code     2  stm32f4xx_hal_uart.o(i.HAL_UART_RxHalfCpltCallback)
    HAL_UART_Transmit                        0x080027ad   Thumb Code   178  stm32f4xx_hal_uart.o(i.HAL_UART_Transmit)
    HAL_UART_TxCpltCallback                  0x08002861   Thumb Code    68  bsp_uart.o(i.HAL_UART_TxCpltCallback)
    HardFault_Handler                        0x080028b9   Thumb Code     2  stm32f4xx_it.o(i.HardFault_Handler)
    Key_Scan                                 0x080028bd   Thumb Code   212  key.o(i.Key_Scan)
    Limit                                    0x08002999   Thumb Code    30  pid.o(i.Limit)
    MX_DMA_Init                              0x080029b9   Thumb Code    88  dma.o(i.MX_DMA_Init)
    MX_FREERTOS_Init                         0x08002a15   Thumb Code   254  freertos.o(i.MX_FREERTOS_Init)
    MX_GPIO_Init                             0x08002b21   Thumb Code   188  gpio.o(i.MX_GPIO_Init)
    MX_I2C1_Init                             0x08002bed   Thumb Code    50  i2c.o(i.MX_I2C1_Init)
    MX_SPI1_Init                             0x08002c2d   Thumb Code    62  spi.o(i.MX_SPI1_Init)
    MX_TIM3_Init                             0x08002c75   Thumb Code   160  tim.o(i.MX_TIM3_Init)
    MX_TIM4_Init                             0x08002d1d   Thumb Code    98  tim.o(i.MX_TIM4_Init)
    MX_TIM5_Init                             0x08002d89   Thumb Code    96  tim.o(i.MX_TIM5_Init)
    MX_TIM6_Init                             0x08002df1   Thumb Code    62  tim.o(i.MX_TIM6_Init)
    MX_TIM8_Init                             0x08002e39   Thumb Code   240  tim.o(i.MX_TIM8_Init)
    MX_USART1_UART_Init                      0x08002f31   Thumb Code    48  usart.o(i.MX_USART1_UART_Init)
    MX_USART3_UART_Init                      0x08002f69   Thumb Code    48  usart.o(i.MX_USART3_UART_Init)
    MemManage_Handler                        0x08002fa1   Thumb Code     2  stm32f4xx_it.o(i.MemManage_Handler)
    MotorInit                                0x08002fa5   Thumb Code    18  motor.o(i.MotorInit)
    NMI_Handler                              0x08002fc1   Thumb Code     2  stm32f4xx_it.o(i.NMI_Handler)
    OLED_Clear                               0x08002fc3   Thumb Code    60  oled.o(i.OLED_Clear)
    OLED_Init                                0x08003001   Thumb Code   270  oled.o(i.OLED_Init)
    OLED_Set_Pos                             0x08003115   Thumb Code    44  oled.o(i.OLED_Set_Pos)
    OLED_ShowChar                            0x08003141   Thumb Code    94  oled.o(i.OLED_ShowChar)
    OLED_ShowString                          0x080031a5   Thumb Code    50  oled.o(i.OLED_ShowString)
    OLED_WR_Byte                             0x080031d9   Thumb Code    66  oled.o(i.OLED_WR_Byte)
    PID_SERVO                                0x08003225   Thumb Code   110  pid.o(i.PID_SERVO)
    PID_SERVOX_Init                          0x08003295   Thumb Code    70  pid.o(i.PID_SERVOX_Init)
    PID_SERVO_POINTX_Init                    0x080032f1   Thumb Code    70  pid.o(i.PID_SERVO_POINTX_Init)
    PID_SERVO_POINTY_Init                    0x0800334d   Thumb Code    70  pid.o(i.PID_SERVO_POINTY_Init)
    PID_SERVO_POINT_Init                     0x080033a9   Thumb Code    70  pid.o(i.PID_SERVO_POINT_Init)
    StartKeyTask                             0x08003515   Thumb Code   138  freertos.o(i.StartKeyTask)
    StartLedTask                             0x080035b1   Thumb Code    10  freertos.o(i.StartLedTask)
    StartMotorTask                           0x080035bb   Thumb Code    10  freertos.o(i.StartMotorTask)
    StartOledTask                            0x080035c5   Thumb Code    74  freertos.o(i.StartOledTask)
    StartServoTask                           0x08003635   Thumb Code   682  freertos.o(i.StartServoTask)
    StartUart1Task                           0x08003901   Thumb Code   268  freertos.o(i.StartUart1Task)
    Startmpu6050                             0x08003a2d   Thumb Code    10  freertos.o(i.Startmpu6050)
    SysTick_Handler                          0x08003a39   Thumb Code    38  port.o(i.SysTick_Handler)
    SystemClock_Config                       0x08003a65   Thumb Code   138  main.o(i.SystemClock_Config)
    SystemInit                               0x08003af9   Thumb Code    12  system_stm32f4xx.o(i.SystemInit)
    TIM1_UP_TIM10_IRQHandler                 0x08003b09   Thumb Code     6  stm32f4xx_it.o(i.TIM1_UP_TIM10_IRQHandler)
    TIM6_DAC_IRQHandler                      0x08003b15   Thumb Code     6  stm32f4xx_it.o(i.TIM6_DAC_IRQHandler)
    TIM_Base_SetConfig                       0x08003b21   Thumb Code   156  stm32f4xx_hal_tim.o(i.TIM_Base_SetConfig)
    TIM_CCxChannelCmd                        0x08003be9   Thumb Code    26  stm32f4xx_hal_tim.o(i.TIM_CCxChannelCmd)
    TIM_ETR_SetConfig                        0x08003c03   Thumb Code    20  stm32f4xx_hal_tim.o(i.TIM_ETR_SetConfig)
    TIM_OC2_SetConfig                        0x08003c89   Thumb Code    98  stm32f4xx_hal_tim.o(i.TIM_OC2_SetConfig)
    UART_Start_Receive_DMA                   0x08004121   Thumb Code   130  stm32f4xx_hal_uart.o(i.UART_Start_Receive_DMA)
    USART1_IRQHandler                        0x08004229   Thumb Code     6  stm32f4xx_it.o(i.USART1_IRQHandler)
    USART3_IRQHandler                        0x08004235   Thumb Code    72  stm32f4xx_it.o(i.USART3_IRQHandler)
    UsageFault_Handler                       0x08004291   Thumb Code     2  stm32f4xx_it.o(i.UsageFault_Handler)
    main                                     0x080042c1   Thumb Code   156  main.o(i.main)
    osDelay                                  0x08004381   Thumb Code    20  cmsis_os.o(i.osDelay)
    osKernelStart                            0x08004395   Thumb Code    10  cmsis_os.o(i.osKernelStart)
    osSemaphoreCreate                        0x0800439f   Thumb Code    62  cmsis_os.o(i.osSemaphoreCreate)
    osSemaphoreRelease                       0x080043dd   Thumb Code    74  cmsis_os.o(i.osSemaphoreRelease)
    osSemaphoreWait                          0x0800442d   Thumb Code   104  cmsis_os.o(i.osSemaphoreWait)
    osThreadCreate                           0x08004499   Thumb Code    84  cmsis_os.o(i.osThreadCreate)
    pvPortMalloc                             0x0800496d   Thumb Code   216  heap_4.o(i.pvPortMalloc)
    pvTaskIncrementMutexHeldCount            0x08004a49   Thumb Code    18  tasks.o(i.pvTaskIncrementMutexHeldCount)
    pxPortInitialiseStack                    0x08004a61   Thumb Code    40  port.o(i.pxPortInitialiseStack)
    uxListRemove                             0x08004a8d   Thumb Code    38  list.o(i.uxListRemove)
    vApplicationGetIdleTaskMemory            0x08004ab5   Thumb Code    16  freertos.o(i.vApplicationGetIdleTaskMemory)
    vListInitialise                          0x08004ac9   Thumb Code    22  list.o(i.vListInitialise)
    vListInitialiseItem                      0x08004adf   Thumb Code     6  list.o(i.vListInitialiseItem)
    vListInsert                              0x08004ae5   Thumb Code    48  list.o(i.vListInsert)
    vListInsertEnd                           0x08004b15   Thumb Code    24  list.o(i.vListInsertEnd)
    vPortEnterCritical                       0x08004b2d   Thumb Code    54  port.o(i.vPortEnterCritical)
    vPortExitCritical                        0x08004b6d   Thumb Code    34  port.o(i.vPortExitCritical)
    vPortFree                                0x08004b95   Thumb Code    94  heap_4.o(i.vPortFree)
    vPortSetupTimerInterrupt                 0x08004bf9   Thumb Code    30  port.o(i.vPortSetupTimerInterrupt)
    vPortValidateInterruptPriority           0x08004c1d   Thumb Code    74  port.o(i.vPortValidateInterruptPriority)
    vTaskDelay                               0x08004c71   Thumb Code    66  tasks.o(i.vTaskDelay)
    vTaskInternalSetTimeOutState             0x08004cbd   Thumb Code    12  tasks.o(i.vTaskInternalSetTimeOutState)
    vTaskMissedYield                         0x08004ccd   Thumb Code     8  tasks.o(i.vTaskMissedYield)
    vTaskPlaceOnEventList                    0x08004cd9   Thumb Code    44  tasks.o(i.vTaskPlaceOnEventList)
    vTaskPriorityDisinheritAfterTimeout      0x08004d09   Thumb Code   152  tasks.o(i.vTaskPriorityDisinheritAfterTimeout)
    vTaskStartScheduler                      0x08004da9   Thumb Code    90  tasks.o(i.vTaskStartScheduler)
    vTaskSuspendAll                          0x08004e15   Thumb Code    10  tasks.o(i.vTaskSuspendAll)
    vTaskSwitchContext                       0x08004e25   Thumb Code    82  tasks.o(i.vTaskSwitchContext)
    xPortStartScheduler                      0x08004e81   Thumb Code   222  port.o(i.xPortStartScheduler)
    xQueueGenericCreate                      0x08004f75   Thumb Code    66  queue.o(i.xQueueGenericCreate)
    xQueueGenericCreateStatic                0x08004fb7   Thumb Code   102  queue.o(i.xQueueGenericCreateStatic)
    xQueueGenericReset                       0x0800501d   Thumb Code   132  queue.o(i.xQueueGenericReset)
    xQueueGenericSend                        0x080050a5   Thumb Code   346  queue.o(i.xQueueGenericSend)
    xQueueGiveFromISR                        0x08005205   Thumb Code   156  queue.o(i.xQueueGiveFromISR)
    xQueueReceiveFromISR                     0x080052a1   Thumb Code   154  queue.o(i.xQueueReceiveFromISR)
    xQueueSemaphoreTake                      0x0800533d   Thumb Code   372  queue.o(i.xQueueSemaphoreTake)
    xTaskCheckForTimeOut                     0x080054b5   Thumb Code   112  tasks.o(i.xTaskCheckForTimeOut)
    xTaskCreate                              0x08005529   Thumb Code    90  tasks.o(i.xTaskCreate)
    xTaskCreateStatic                        0x08005583   Thumb Code    86  tasks.o(i.xTaskCreateStatic)
    xTaskGetSchedulerState                   0x080055d9   Thumb Code    22  tasks.o(i.xTaskGetSchedulerState)
    xTaskIncrementTick                       0x080055f5   Thumb Code   194  tasks.o(i.xTaskIncrementTick)
    xTaskPriorityDisinherit                  0x080056c1   Thumb Code   144  tasks.o(i.xTaskPriorityDisinherit)
    xTaskPriorityInherit                     0x08005759   Thumb Code   130  tasks.o(i.xTaskPriorityInherit)
    xTaskRemoveFromEventList                 0x080057e5   Thumb Code   108  tasks.o(i.xTaskRemoveFromEventList)
    xTaskResumeAll                           0x08005859   Thumb Code   182  tasks.o(i.xTaskResumeAll)
    __aeabi_d2f                              0x0800591d   Thumb Code     0  d2f.o(x$fpl$d2f)
    _d2f                                     0x0800591d   Thumb Code    98  d2f.o(x$fpl$d2f)
    __aeabi_dadd                             0x08005981   Thumb Code     0  daddsub_clz.o(x$fpl$dadd)
    _dadd                                    0x08005981   Thumb Code   332  daddsub_clz.o(x$fpl$dadd)
    __aeabi_dmul                             0x08005ad1   Thumb Code     0  dmul.o(x$fpl$dmul)
    _dmul                                    0x08005ad1   Thumb Code   332  dmul.o(x$fpl$dmul)
    __fpl_dnaninf                            0x08005c25   Thumb Code   156  dnaninf.o(x$fpl$dnaninf)
    __fpl_dretinf                            0x08005cc1   Thumb Code    12  dretinf.o(x$fpl$dretinf)
    __aeabi_dsub                             0x08005ccd   Thumb Code     0  daddsub_clz.o(x$fpl$dsub)
    _dsub                                    0x08005ccd   Thumb Code   464  daddsub_clz.o(x$fpl$dsub)
    __aeabi_f2d                              0x08005ea1   Thumb Code     0  f2d.o(x$fpl$f2d)
    _f2d                                     0x08005ea1   Thumb Code    86  f2d.o(x$fpl$f2d)
    __fpl_fnaninf                            0x08005ef7   Thumb Code   140  fnaninf.o(x$fpl$fnaninf)
    _fp_init                                 0x08005f83   Thumb Code    10  fpinit.o(x$fpl$fpinit)
    __fplib_config_fpu_vfp                   0x08005f8b   Thumb Code     0  fpinit.o(x$fpl$fpinit)
    __fplib_config_pureend_doubles           0x08005f8b   Thumb Code     0  fpinit.o(x$fpl$fpinit)
    __fpl_fretinf                            0x08005f8d   Thumb Code    10  fretinf.o(x$fpl$fretinf)
    __I$use$fp                               0x08005f96   Number         0  usenofp.o(x$fpl$usenofp)
    AHBPrescTable                            0x08006064   Data          16  system_stm32f4xx.o(.constdata)
    APBPrescTable                            0x08006074   Data           8  system_stm32f4xx.o(.constdata)
    F8X16                                    0x0800607c   Data        1504  oled.o(.constdata)
    Hzk                                      0x0800665c   Data         320  oled.o(.constdata)
    Region$$Table$$Base                      0x080067e4   Number         0  anon$$obj.o(Region$$Table)
    Region$$Table$$Limit                     0x08006804   Number         0  anon$$obj.o(Region$$Table)
    rec_flag                                 0x20000000   Data           1  freertos.o(.data)
    rec_ok_flag                              0x20000001   Data           1  freertos.o(.data)
    rx_ack                                   0x20000002   Data           1  freertos.o(.data)
    task                                     0x20000003   Data           1  freertos.o(.data)
    pause_flag                               0x20000004   Data           1  freertos.o(.data)
    reset_flag                               0x20000005   Data           1  freertos.o(.data)
    point_state                              0x20000006   Data           1  freertos.o(.data)
    rx_len                                   0x20000007   Data           1  freertos.o(.data)
    servo_midx                               0x20000008   Data           2  freertos.o(.data)
    servo_midy                               0x2000000a   Data           2  freertos.o(.data)
    servo_hori_error                         0x2000000c   Data           4  freertos.o(.data)
    servo_vert_error                         0x20000010   Data           4  freertos.o(.data)
    servo_hori_all                           0x20000014   Data           4  freertos.o(.data)
    servo_vert_all                           0x20000018   Data           4  freertos.o(.data)
    MotorTaskHandle                          0x2000001c   Data           4  freertos.o(.data)
    OledTaskHandle                           0x20000020   Data           4  freertos.o(.data)
    Uart1TaskHandle                          0x20000024   Data           4  freertos.o(.data)
    mpu6050Handle                            0x20000028   Data           4  freertos.o(.data)
    ServoTaskHandle                          0x2000002c   Data           4  freertos.o(.data)
    KeyTaskHandle                            0x20000030   Data           4  freertos.o(.data)
    LedTaskHandle                            0x20000034   Data           4  freertos.o(.data)
    UartRecSemHandle                         0x20000038   Data           4  freertos.o(.data)
    CrossSemHandle                           0x2000003c   Data           4  freertos.o(.data)
    motor                                    0x20000040   Data           8  freertos.o(.data)
    encoder                                  0x20000048   Data           8  freertos.o(.data)
    uwTickFreq                               0x20000050   Data           1  stm32f4xx_hal.o(.data)
    uwTickPrio                               0x20000054   Data           4  stm32f4xx_hal.o(.data)
    uwTick                                   0x20000058   Data           4  stm32f4xx_hal.o(.data)
    SystemCoreClock                          0x2000005c   Data           4  system_stm32f4xx.o(.data)
    pxCurrentTCB                             0x20000060   Data           4  tasks.o(.data)
    pid_SERVOX                               0x200000cc   Data          48  freertos.o(.bss)
    pid_SERVOY                               0x200000fc   Data          48  freertos.o(.bss)
    pid_POINT                                0x2000012c   Data          48  freertos.o(.bss)
    pid_POINTX                               0x2000015c   Data          48  freertos.o(.bss)
    pid_POINTY                               0x2000018c   Data          48  freertos.o(.bss)
    RxBuffer                                 0x200001bc   Data         255  freertos.o(.bss)
    hi2c1                                    0x20000510   Data          84  i2c.o(.bss)
    hspi1                                    0x20000564   Data          88  spi.o(.bss)
    htim3                                    0x200005bc   Data          72  tim.o(.bss)
    htim4                                    0x20000604   Data          72  tim.o(.bss)
    htim5                                    0x2000064c   Data          72  tim.o(.bss)
    htim6                                    0x20000694   Data          72  tim.o(.bss)
    htim8                                    0x200006dc   Data          72  tim.o(.bss)
    huart1                                   0x20000724   Data          68  usart.o(.bss)
    huart3                                   0x20000768   Data          68  usart.o(.bss)
    hdma_usart1_rx                           0x200007ac   Data          96  usart.o(.bss)
    hdma_usart1_tx                           0x2000080c   Data          96  usart.o(.bss)
    hdma_usart3_rx                           0x2000086c   Data          96  usart.o(.bss)
    htim1                                    0x200008cc   Data          72  stm32f4xx_hal_timebase_tim.o(.bss)
    __libspace_start                         0x20004604   Data          96  libspace.o(.bss)
    __temporary_stack_top$libspace           0x20004664   Data           0  libspace.o(.bss)



==============================================================================

Memory Map of the image

  Image Entry point : 0x08000189

  Load Region LR_IROM1 (Base: 0x08000000, Size: 0x000068d0, Max: 0x00100000, ABSOLUTE)

    Execution Region ER_IROM1 (Exec base: 0x08000000, Load base: 0x08000000, Size: 0x00006804, Max: 0x00100000, ABSOLUTE)

    Exec Addr    Load Addr    Size         Type   Attr      Idx    E Section Name        Object

    0x08000000   0x08000000   0x00000188   Data   RO            3    RESET               startup_stm32f407xx.o
    0x08000188   0x08000188   0x00000008   Code   RO         5830  * !!!main             c_w.l(__main.o)
    0x08000190   0x08000190   0x00000034   Code   RO         6110    !!!scatter          c_w.l(__scatter.o)
    0x080001c4   0x080001c4   0x0000001a   Code   RO         6112    !!handler_copy      c_w.l(__scatter_copy.o)
    0x080001de   0x080001de   0x00000002   PAD
    0x080001e0   0x080001e0   0x0000001c   Code   RO         6114    !!handler_zi        c_w.l(__scatter_zi.o)
    0x080001fc   0x080001fc   0x00000000   Code   RO         5819    .ARM.Collect$$_printf_percent$$00000000  c_w.l(_printf_percent.o)
    0x080001fc   0x080001fc   0x00000006   Code   RO         5818    .ARM.Collect$$_printf_percent$$00000009  c_w.l(_printf_d.o)
    0x08000202   0x08000202   0x00000004   Code   RO         5897    .ARM.Collect$$_printf_percent$$00000017  c_w.l(_printf_percent_end.o)
    0x08000206   0x08000206   0x00000002   Code   RO         5981    .ARM.Collect$$libinit$$00000000  c_w.l(libinit.o)
    0x08000208   0x08000208   0x00000004   Code   RO         5990    .ARM.Collect$$libinit$$00000001  c_w.l(libinit2.o)
    0x0800020c   0x0800020c   0x00000000   Code   RO         5993    .ARM.Collect$$libinit$$00000004  c_w.l(libinit2.o)
    0x0800020c   0x0800020c   0x00000000   Code   RO         5996    .ARM.Collect$$libinit$$0000000A  c_w.l(libinit2.o)
    0x0800020c   0x0800020c   0x00000000   Code   RO         5998    .ARM.Collect$$libinit$$0000000C  c_w.l(libinit2.o)
    0x0800020c   0x0800020c   0x00000000   Code   RO         6000    .ARM.Collect$$libinit$$0000000E  c_w.l(libinit2.o)
    0x0800020c   0x0800020c   0x00000000   Code   RO         6003    .ARM.Collect$$libinit$$00000011  c_w.l(libinit2.o)
    0x0800020c   0x0800020c   0x00000000   Code   RO         6005    .ARM.Collect$$libinit$$00000013  c_w.l(libinit2.o)
    0x0800020c   0x0800020c   0x00000000   Code   RO         6007    .ARM.Collect$$libinit$$00000015  c_w.l(libinit2.o)
    0x0800020c   0x0800020c   0x00000000   Code   RO         6009    .ARM.Collect$$libinit$$00000017  c_w.l(libinit2.o)
    0x0800020c   0x0800020c   0x00000000   Code   RO         6011    .ARM.Collect$$libinit$$00000019  c_w.l(libinit2.o)
    0x0800020c   0x0800020c   0x00000000   Code   RO         6013    .ARM.Collect$$libinit$$0000001B  c_w.l(libinit2.o)
    0x0800020c   0x0800020c   0x00000000   Code   RO         6015    .ARM.Collect$$libinit$$0000001D  c_w.l(libinit2.o)
    0x0800020c   0x0800020c   0x00000000   Code   RO         6017    .ARM.Collect$$libinit$$0000001F  c_w.l(libinit2.o)
    0x0800020c   0x0800020c   0x00000000   Code   RO         6019    .ARM.Collect$$libinit$$00000021  c_w.l(libinit2.o)
    0x0800020c   0x0800020c   0x00000000   Code   RO         6021    .ARM.Collect$$libinit$$00000023  c_w.l(libinit2.o)
    0x0800020c   0x0800020c   0x00000000   Code   RO         6023    .ARM.Collect$$libinit$$00000025  c_w.l(libinit2.o)
    0x0800020c   0x0800020c   0x00000000   Code   RO         6027    .ARM.Collect$$libinit$$0000002C  c_w.l(libinit2.o)
    0x0800020c   0x0800020c   0x00000000   Code   RO         6029    .ARM.Collect$$libinit$$0000002E  c_w.l(libinit2.o)
    0x0800020c   0x0800020c   0x00000000   Code   RO         6031    .ARM.Collect$$libinit$$00000030  c_w.l(libinit2.o)
    0x0800020c   0x0800020c   0x00000000   Code   RO         6033    .ARM.Collect$$libinit$$00000032  c_w.l(libinit2.o)
    0x0800020c   0x0800020c   0x00000002   Code   RO         6034    .ARM.Collect$$libinit$$00000033  c_w.l(libinit2.o)
    0x0800020e   0x0800020e   0x00000002   Code   RO         6065    .ARM.Collect$$libshutdown$$00000000  c_w.l(libshutdown.o)
    0x08000210   0x08000210   0x00000000   Code   RO         6091    .ARM.Collect$$libshutdown$$00000002  c_w.l(libshutdown2.o)
    0x08000210   0x08000210   0x00000000   Code   RO         6093    .ARM.Collect$$libshutdown$$00000004  c_w.l(libshutdown2.o)
    0x08000210   0x08000210   0x00000000   Code   RO         6095    .ARM.Collect$$libshutdown$$00000006  c_w.l(libshutdown2.o)
    0x08000210   0x08000210   0x00000000   Code   RO         6098    .ARM.Collect$$libshutdown$$00000009  c_w.l(libshutdown2.o)
    0x08000210   0x08000210   0x00000000   Code   RO         6101    .ARM.Collect$$libshutdown$$0000000C  c_w.l(libshutdown2.o)
    0x08000210   0x08000210   0x00000000   Code   RO         6103    .ARM.Collect$$libshutdown$$0000000E  c_w.l(libshutdown2.o)
    0x08000210   0x08000210   0x00000000   Code   RO         6106    .ARM.Collect$$libshutdown$$00000011  c_w.l(libshutdown2.o)
    0x08000210   0x08000210   0x00000002   Code   RO         6107    .ARM.Collect$$libshutdown$$00000012  c_w.l(libshutdown2.o)
    0x08000212   0x08000212   0x00000000   Code   RO         5884    .ARM.Collect$$rtentry$$00000000  c_w.l(__rtentry.o)
    0x08000212   0x08000212   0x00000000   Code   RO         5940    .ARM.Collect$$rtentry$$00000002  c_w.l(__rtentry2.o)
    0x08000212   0x08000212   0x00000006   Code   RO         5952    .ARM.Collect$$rtentry$$00000004  c_w.l(__rtentry4.o)
    0x08000218   0x08000218   0x00000000   Code   RO         5942    .ARM.Collect$$rtentry$$00000009  c_w.l(__rtentry2.o)
    0x08000218   0x08000218   0x00000004   Code   RO         5943    .ARM.Collect$$rtentry$$0000000A  c_w.l(__rtentry2.o)
    0x0800021c   0x0800021c   0x00000000   Code   RO         5945    .ARM.Collect$$rtentry$$0000000C  c_w.l(__rtentry2.o)
    0x0800021c   0x0800021c   0x00000008   Code   RO         5946    .ARM.Collect$$rtentry$$0000000D  c_w.l(__rtentry2.o)
    0x08000224   0x08000224   0x00000002   Code   RO         5982    .ARM.Collect$$rtexit$$00000000  c_w.l(rtexit.o)
    0x08000226   0x08000226   0x00000000   Code   RO         6038    .ARM.Collect$$rtexit$$00000002  c_w.l(rtexit2.o)
    0x08000226   0x08000226   0x00000004   Code   RO         6039    .ARM.Collect$$rtexit$$00000003  c_w.l(rtexit2.o)
    0x0800022a   0x0800022a   0x00000006   Code   RO         6040    .ARM.Collect$$rtexit$$00000004  c_w.l(rtexit2.o)
    0x08000230   0x08000230   0x000000be   Code   RO         5276    .emb_text           port.o
    0x080002ee   0x080002ee   0x00000002   PAD
    0x080002f0   0x080002f0   0x00000040   Code   RO            4    .text               startup_stm32f407xx.o
    0x08000330   0x08000330   0x000000ee   Code   RO         5788    .text               c_w.l(lludivv7m.o)
    0x0800041e   0x0800041e   0x00000002   PAD
    0x08000420   0x08000420   0x00000028   Code   RO         5792    .text               c_w.l(noretval__2sprintf.o)
    0x08000448   0x08000448   0x00000068   Code   RO         5794    .text               c_w.l(__printf.o)
    0x080004b0   0x080004b0   0x00000078   Code   RO         5796    .text               c_w.l(_printf_dec.o)
    0x08000528   0x08000528   0x0000008a   Code   RO         5820    .text               c_w.l(rt_memcpy_v6.o)
    0x080005b2   0x080005b2   0x00000064   Code   RO         5822    .text               c_w.l(rt_memcpy_w.o)
    0x08000616   0x08000616   0x0000004e   Code   RO         5826    .text               c_w.l(rt_memclr_w.o)
    0x08000664   0x08000664   0x00000006   Code   RO         5828    .text               c_w.l(heapauxi.o)
    0x0800066a   0x0800066a   0x000000b2   Code   RO         5891    .text               c_w.l(_printf_intcommon.o)
    0x0800071c   0x0800071c   0x00000030   Code   RO         5893    .text               c_w.l(_printf_char_common.o)
    0x0800074c   0x0800074c   0x0000000a   Code   RO         5895    .text               c_w.l(_sputc.o)
    0x08000756   0x08000756   0x00000002   PAD
    0x08000758   0x08000758   0x00000008   Code   RO         5965    .text               c_w.l(libspace.o)
    0x08000760   0x08000760   0x0000004a   Code   RO         5968    .text               c_w.l(sys_stackheap_outer.o)
    0x080007aa   0x080007aa   0x00000012   Code   RO         5970    .text               c_w.l(exit.o)
    0x080007bc   0x080007bc   0x0000000c   Code   RO         6035    .text               c_w.l(sys_exit.o)
    0x080007c8   0x080007c8   0x00000002   Code   RO         6054    .text               c_w.l(use_no_semi.o)
    0x080007ca   0x080007ca   0x00000000   Code   RO         6056    .text               c_w.l(indicate_semi.o)
    0x080007ca   0x080007ca   0x00000002   Code   RO          624    i.BusFault_Handler  stm32f4xx_it.o
    0x080007cc   0x080007cc   0x0000000c   Code   RO          625    i.DMA1_Stream1_IRQHandler  stm32f4xx_it.o
    0x080007d8   0x080007d8   0x0000000c   Code   RO          626    i.DMA2_Stream2_IRQHandler  stm32f4xx_it.o
    0x080007e4   0x080007e4   0x0000000c   Code   RO          627    i.DMA2_Stream7_IRQHandler  stm32f4xx_it.o
    0x080007f0   0x080007f0   0x00000028   Code   RO         1246    i.DMA_CalcBaseAndBitshift  stm32f4xx_hal_dma.o
    0x08000818   0x08000818   0x00000054   Code   RO         1247    i.DMA_CheckFifoParam  stm32f4xx_hal_dma.o
    0x0800086c   0x0800086c   0x00000028   Code   RO         1248    i.DMA_SetConfig     stm32f4xx_hal_dma.o
    0x08000894   0x08000894   0x00000002   Code   RO          628    i.DebugMon_Handler  stm32f4xx_it.o
    0x08000896   0x08000896   0x00000008   Code   RO         5399    i.Encoder_Init      encoder.o
    0x0800089e   0x0800089e   0x00000004   Code   RO           13    i.Error_Handler     main.o
    0x080008a2   0x080008a2   0x00000092   Code   RO         1249    i.HAL_DMA_Abort     stm32f4xx_hal_dma.o
    0x08000934   0x08000934   0x00000024   Code   RO         1250    i.HAL_DMA_Abort_IT  stm32f4xx_hal_dma.o
    0x08000958   0x08000958   0x000001a0   Code   RO         1254    i.HAL_DMA_IRQHandler  stm32f4xx_hal_dma.o
    0x08000af8   0x08000af8   0x000000d4   Code   RO         1255    i.HAL_DMA_Init      stm32f4xx_hal_dma.o
    0x08000bcc   0x08000bcc   0x0000006e   Code   RO         1259    i.HAL_DMA_Start_IT  stm32f4xx_hal_dma.o
    0x08000c3a   0x08000c3a   0x00000002   PAD
    0x08000c3c   0x08000c3c   0x00000024   Code   RO         1668    i.HAL_Delay         stm32f4xx_hal.o
    0x08000c60   0x08000c60   0x000001f0   Code   RO         1142    i.HAL_GPIO_Init     stm32f4xx_hal_gpio.o
    0x08000e50   0x08000e50   0x0000000a   Code   RO         1144    i.HAL_GPIO_ReadPin  stm32f4xx_hal_gpio.o
    0x08000e5a   0x08000e5a   0x0000000a   Code   RO         1146    i.HAL_GPIO_WritePin  stm32f4xx_hal_gpio.o
    0x08000e64   0x08000e64   0x0000000c   Code   RO         1674    i.HAL_GetTick       stm32f4xx_hal.o
    0x08000e70   0x08000e70   0x00000188   Code   RO         1930    i.HAL_I2C_Init      stm32f4xx_hal_i2c.o
    0x08000ff8   0x08000ff8   0x0000006c   Code   RO          409    i.HAL_I2C_MspInit   i2c.o
    0x08001064   0x08001064   0x00000010   Code   RO         1680    i.HAL_IncTick       stm32f4xx_hal.o
    0x08001074   0x08001074   0x00000034   Code   RO         1681    i.HAL_Init          stm32f4xx_hal.o
    0x080010a8   0x080010a8   0x00000074   Code   RO          748    i.HAL_InitTick      stm32f4xx_hal_timebase_tim.o
    0x0800111c   0x0800111c   0x00000038   Code   RO          724    i.HAL_MspInit       stm32f4xx_hal_msp.o
    0x08001154   0x08001154   0x0000001a   Code   RO         1531    i.HAL_NVIC_EnableIRQ  stm32f4xx_hal_cortex.o
    0x0800116e   0x0800116e   0x00000002   PAD
    0x08001170   0x08001170   0x00000040   Code   RO         1537    i.HAL_NVIC_SetPriority  stm32f4xx_hal_cortex.o
    0x080011b0   0x080011b0   0x00000024   Code   RO         1538    i.HAL_NVIC_SetPriorityGrouping  stm32f4xx_hal_cortex.o
    0x080011d4   0x080011d4   0x00000134   Code   RO          788    i.HAL_RCC_ClockConfig  stm32f4xx_hal_rcc.o
    0x08001308   0x08001308   0x00000040   Code   RO          792    i.HAL_RCC_GetClockConfig  stm32f4xx_hal_rcc.o
    0x08001348   0x08001348   0x00000020   Code   RO          795    i.HAL_RCC_GetPCLK1Freq  stm32f4xx_hal_rcc.o
    0x08001368   0x08001368   0x00000020   Code   RO          796    i.HAL_RCC_GetPCLK2Freq  stm32f4xx_hal_rcc.o
    0x08001388   0x08001388   0x00000060   Code   RO          797    i.HAL_RCC_GetSysClockFreq  stm32f4xx_hal_rcc.o
    0x080013e8   0x080013e8   0x0000036c   Code   RO          800    i.HAL_RCC_OscConfig  stm32f4xx_hal_rcc.o
    0x08001754   0x08001754   0x000000bc   Code   RO         2380    i.HAL_SPI_Init      stm32f4xx_hal_spi.o
    0x08001810   0x08001810   0x00000068   Code   RO          451    i.HAL_SPI_MspInit   spi.o
    0x08001878   0x08001878   0x00000166   Code   RO         2388    i.HAL_SPI_Transmit  stm32f4xx_hal_spi.o
    0x080019de   0x080019de   0x00000002   Code   RO         3397    i.HAL_TIMEx_BreakCallback  stm32f4xx_hal_tim_ex.o
    0x080019e0   0x080019e0   0x00000002   Code   RO         3398    i.HAL_TIMEx_CommutCallback  stm32f4xx_hal_tim_ex.o
    0x080019e2   0x080019e2   0x00000054   Code   RO         3400    i.HAL_TIMEx_ConfigBreakDeadTime  stm32f4xx_hal_tim_ex.o
    0x08001a36   0x08001a36   0x00000002   PAD
    0x08001a38   0x08001a38   0x00000090   Code   RO         3416    i.HAL_TIMEx_MasterConfigSynchronization  stm32f4xx_hal_tim_ex.o
    0x08001ac8   0x08001ac8   0x0000005a   Code   RO         2693    i.HAL_TIM_Base_Init  stm32f4xx_hal_tim.o
    0x08001b22   0x08001b22   0x00000002   PAD
    0x08001b24   0x08001b24   0x00000064   Code   RO          493    i.HAL_TIM_Base_MspInit  tim.o
    0x08001b88   0x08001b88   0x00000080   Code   RO         2698    i.HAL_TIM_Base_Start_IT  stm32f4xx_hal_tim.o
    0x08001c08   0x08001c08   0x000000dc   Code   RO         2702    i.HAL_TIM_ConfigClockSource  stm32f4xx_hal_tim.o
    0x08001ce4   0x08001ce4   0x000000a4   Code   RO         2714    i.HAL_TIM_Encoder_Init  stm32f4xx_hal_tim.o
    0x08001d88   0x08001d88   0x000000a0   Code   RO          495    i.HAL_TIM_Encoder_MspInit  tim.o
    0x08001e28   0x08001e28   0x0000008e   Code   RO         2717    i.HAL_TIM_Encoder_Start  stm32f4xx_hal_tim.o
    0x08001eb6   0x08001eb6   0x00000002   Code   RO         2727    i.HAL_TIM_IC_CaptureCallback  stm32f4xx_hal_tim.o
    0x08001eb8   0x08001eb8   0x00000166   Code   RO         2741    i.HAL_TIM_IRQHandler  stm32f4xx_hal_tim.o
    0x0800201e   0x0800201e   0x00000002   PAD
    0x08002020   0x08002020   0x00000084   Code   RO          496    i.HAL_TIM_MspPostInit  tim.o
    0x080020a4   0x080020a4   0x00000002   Code   RO         2744    i.HAL_TIM_OC_DelayElapsedCallback  stm32f4xx_hal_tim.o
    0x080020a6   0x080020a6   0x000000cc   Code   RO         2765    i.HAL_TIM_PWM_ConfigChannel  stm32f4xx_hal_tim.o
    0x08002172   0x08002172   0x0000005a   Code   RO         2768    i.HAL_TIM_PWM_Init  stm32f4xx_hal_tim.o
    0x080021cc   0x080021cc   0x00000002   Code   RO         2770    i.HAL_TIM_PWM_MspInit  stm32f4xx_hal_tim.o
    0x080021ce   0x080021ce   0x00000002   Code   RO         2771    i.HAL_TIM_PWM_PulseFinishedCallback  stm32f4xx_hal_tim.o
    0x080021d0   0x080021d0   0x000000c8   Code   RO         2773    i.HAL_TIM_PWM_Start  stm32f4xx_hal_tim.o
    0x08002298   0x08002298   0x00000014   Code   RO           14    i.HAL_TIM_PeriodElapsedCallback  main.o
    0x080022ac   0x080022ac   0x00000002   Code   RO         2784    i.HAL_TIM_TriggerCallback  stm32f4xx_hal_tim.o
    0x080022ae   0x080022ae   0x00000002   Code   RO         3675    i.HAL_UARTEx_RxEventCallback  stm32f4xx_hal_uart.o
    0x080022b0   0x080022b0   0x00000070   Code   RO         3687    i.HAL_UART_DMAStop  stm32f4xx_hal_uart.o
    0x08002320   0x08002320   0x00000002   Code   RO         3689    i.HAL_UART_ErrorCallback  stm32f4xx_hal_uart.o
    0x08002322   0x08002322   0x00000002   PAD
    0x08002324   0x08002324   0x00000268   Code   RO         3692    i.HAL_UART_IRQHandler  stm32f4xx_hal_uart.o
    0x0800258c   0x0800258c   0x00000062   Code   RO         3693    i.HAL_UART_Init     stm32f4xx_hal_uart.o
    0x080025ee   0x080025ee   0x00000002   PAD
    0x080025f0   0x080025f0   0x0000018c   Code   RO          577    i.HAL_UART_MspInit  usart.o
    0x0800277c   0x0800277c   0x0000002a   Code   RO         3697    i.HAL_UART_Receive_DMA  stm32f4xx_hal_uart.o
    0x080027a6   0x080027a6   0x00000002   Code   RO         3699    i.HAL_UART_RxCpltCallback  stm32f4xx_hal_uart.o
    0x080027a8   0x080027a8   0x00000002   Code   RO         3700    i.HAL_UART_RxHalfCpltCallback  stm32f4xx_hal_uart.o
    0x080027aa   0x080027aa   0x00000002   PAD
    0x080027ac   0x080027ac   0x000000b2   Code   RO         3701    i.HAL_UART_Transmit  stm32f4xx_hal_uart.o
    0x0800285e   0x0800285e   0x00000002   PAD
    0x08002860   0x08002860   0x00000058   Code   RO         5626    i.HAL_UART_TxCpltCallback  bsp_uart.o
    0x080028b8   0x080028b8   0x00000002   Code   RO          629    i.HardFault_Handler  stm32f4xx_it.o
    0x080028ba   0x080028ba   0x00000002   PAD
    0x080028bc   0x080028bc   0x000000dc   Code   RO         5728    i.Key_Scan          key.o
    0x08002998   0x08002998   0x0000001e   Code   RO         5526    i.Limit             pid.o
    0x080029b6   0x080029b6   0x00000002   PAD
    0x080029b8   0x080029b8   0x0000005c   Code   RO          384    i.MX_DMA_Init       dma.o
    0x08002a14   0x08002a14   0x0000010c   Code   RO          262    i.MX_FREERTOS_Init  freertos.o
    0x08002b20   0x08002b20   0x000000cc   Code   RO          238    i.MX_GPIO_Init      gpio.o
    0x08002bec   0x08002bec   0x00000040   Code   RO          410    i.MX_I2C1_Init      i2c.o
    0x08002c2c   0x08002c2c   0x00000048   Code   RO          452    i.MX_SPI1_Init      spi.o
    0x08002c74   0x08002c74   0x000000a8   Code   RO          497    i.MX_TIM3_Init      tim.o
    0x08002d1c   0x08002d1c   0x0000006c   Code   RO          498    i.MX_TIM4_Init      tim.o
    0x08002d88   0x08002d88   0x00000068   Code   RO          499    i.MX_TIM5_Init      tim.o
    0x08002df0   0x08002df0   0x00000048   Code   RO          500    i.MX_TIM6_Init      tim.o
    0x08002e38   0x08002e38   0x000000f8   Code   RO          501    i.MX_TIM8_Init      tim.o
    0x08002f30   0x08002f30   0x00000038   Code   RO          578    i.MX_USART1_UART_Init  usart.o
    0x08002f68   0x08002f68   0x00000038   Code   RO          579    i.MX_USART3_UART_Init  usart.o
    0x08002fa0   0x08002fa0   0x00000002   Code   RO          630    i.MemManage_Handler  stm32f4xx_it.o
    0x08002fa2   0x08002fa2   0x00000002   PAD
    0x08002fa4   0x08002fa4   0x0000001c   Code   RO         5359    i.MotorInit         motor.o
    0x08002fc0   0x08002fc0   0x00000002   Code   RO          631    i.NMI_Handler       stm32f4xx_it.o
    0x08002fc2   0x08002fc2   0x0000003c   Code   RO         5428    i.OLED_Clear        oled.o
    0x08002ffe   0x08002ffe   0x00000002   PAD
    0x08003000   0x08003000   0x00000114   Code   RO         5432    i.OLED_Init         oled.o
    0x08003114   0x08003114   0x0000002c   Code   RO         5433    i.OLED_Set_Pos      oled.o
    0x08003140   0x08003140   0x00000064   Code   RO         5435    i.OLED_ShowChar     oled.o
    0x080031a4   0x080031a4   0x00000032   Code   RO         5437    i.OLED_ShowString   oled.o
    0x080031d6   0x080031d6   0x00000002   PAD
    0x080031d8   0x080031d8   0x0000004c   Code   RO         5438    i.OLED_WR_Byte      oled.o
    0x08003224   0x08003224   0x0000006e   Code   RO         5533    i.PID_SERVO         pid.o
    0x08003292   0x08003292   0x00000002   PAD
    0x08003294   0x08003294   0x0000005c   Code   RO         5534    i.PID_SERVOX_Init   pid.o
    0x080032f0   0x080032f0   0x0000005c   Code   RO         5536    i.PID_SERVO_POINTX_Init  pid.o
    0x0800334c   0x0800334c   0x0000005c   Code   RO         5537    i.PID_SERVO_POINTY_Init  pid.o
    0x080033a8   0x080033a8   0x0000005c   Code   RO         5538    i.PID_SERVO_POINT_Init  pid.o
    0x08003404   0x08003404   0x00000058   Code   RO         2418    i.SPI_EndRxTxTransaction  stm32f4xx_hal_spi.o
    0x0800345c   0x0800345c   0x000000b8   Code   RO         2423    i.SPI_WaitFlagStateUntilTimeout  stm32f4xx_hal_spi.o
    0x08003514   0x08003514   0x0000009c   Code   RO          263    i.StartKeyTask      freertos.o
    0x080035b0   0x080035b0   0x0000000a   Code   RO          264    i.StartLedTask      freertos.o
    0x080035ba   0x080035ba   0x0000000a   Code   RO          265    i.StartMotorTask    freertos.o
    0x080035c4   0x080035c4   0x00000070   Code   RO          266    i.StartOledTask     freertos.o
    0x08003634   0x08003634   0x000002cc   Code   RO          267    i.StartServoTask    freertos.o
    0x08003900   0x08003900   0x0000012c   Code   RO          268    i.StartUart1Task    freertos.o
    0x08003a2c   0x08003a2c   0x0000000a   Code   RO          269    i.Startmpu6050      freertos.o
    0x08003a36   0x08003a36   0x00000002   PAD
    0x08003a38   0x08003a38   0x0000002c   Code   RO         5277    i.SysTick_Handler   port.o
    0x08003a64   0x08003a64   0x00000094   Code   RO           15    i.SystemClock_Config  main.o
    0x08003af8   0x08003af8   0x00000010   Code   RO         4022    i.SystemInit        system_stm32f4xx.o
    0x08003b08   0x08003b08   0x0000000c   Code   RO          632    i.TIM1_UP_TIM10_IRQHandler  stm32f4xx_it.o
    0x08003b14   0x08003b14   0x0000000c   Code   RO          633    i.TIM6_DAC_IRQHandler  stm32f4xx_it.o
    0x08003b20   0x08003b20   0x000000c8   Code   RO         2786    i.TIM_Base_SetConfig  stm32f4xx_hal_tim.o
    0x08003be8   0x08003be8   0x0000001a   Code   RO         2787    i.TIM_CCxChannelCmd  stm32f4xx_hal_tim.o
    0x08003c02   0x08003c02   0x00000014   Code   RO         2797    i.TIM_ETR_SetConfig  stm32f4xx_hal_tim.o
    0x08003c16   0x08003c16   0x00000010   Code   RO         2798    i.TIM_ITRx_SetConfig  stm32f4xx_hal_tim.o
    0x08003c26   0x08003c26   0x00000002   PAD
    0x08003c28   0x08003c28   0x00000060   Code   RO         2799    i.TIM_OC1_SetConfig  stm32f4xx_hal_tim.o
    0x08003c88   0x08003c88   0x0000006c   Code   RO         2800    i.TIM_OC2_SetConfig  stm32f4xx_hal_tim.o
    0x08003cf4   0x08003cf4   0x00000068   Code   RO         2801    i.TIM_OC3_SetConfig  stm32f4xx_hal_tim.o
    0x08003d5c   0x08003d5c   0x00000050   Code   RO         2802    i.TIM_OC4_SetConfig  stm32f4xx_hal_tim.o
    0x08003dac   0x08003dac   0x00000022   Code   RO         2804    i.TIM_TI1_ConfigInputStage  stm32f4xx_hal_tim.o
    0x08003dce   0x08003dce   0x00000024   Code   RO         2806    i.TIM_TI2_ConfigInputStage  stm32f4xx_hal_tim.o
    0x08003df2   0x08003df2   0x00000010   Code   RO         3706    i.UART_DMAAbortOnError  stm32f4xx_hal_uart.o
    0x08003e02   0x08003e02   0x0000004a   Code   RO         3707    i.UART_DMAError     stm32f4xx_hal_uart.o
    0x08003e4c   0x08003e4c   0x00000082   Code   RO         3708    i.UART_DMAReceiveCplt  stm32f4xx_hal_uart.o
    0x08003ece   0x08003ece   0x0000001a   Code   RO         3710    i.UART_DMARxHalfCplt  stm32f4xx_hal_uart.o
    0x08003ee8   0x08003ee8   0x0000004e   Code   RO         3716    i.UART_EndRxTransfer  stm32f4xx_hal_uart.o
    0x08003f36   0x08003f36   0x0000001c   Code   RO         3717    i.UART_EndTxTransfer  stm32f4xx_hal_uart.o
    0x08003f52   0x08003f52   0x000000c0   Code   RO         3718    i.UART_Receive_IT   stm32f4xx_hal_uart.o
    0x08004012   0x08004012   0x00000002   PAD
    0x08004014   0x08004014   0x0000010c   Code   RO         3719    i.UART_SetConfig    stm32f4xx_hal_uart.o
    0x08004120   0x08004120   0x00000090   Code   RO         3720    i.UART_Start_Receive_DMA  stm32f4xx_hal_uart.o
    0x080041b0   0x080041b0   0x00000078   Code   RO         3722    i.UART_WaitOnFlagUntilTimeout  stm32f4xx_hal_uart.o
    0x08004228   0x08004228   0x0000000c   Code   RO          634    i.USART1_IRQHandler  stm32f4xx_it.o
    0x08004234   0x08004234   0x0000005c   Code   RO          635    i.USART3_IRQHandler  stm32f4xx_it.o
    0x08004290   0x08004290   0x00000002   Code   RO          636    i.UsageFault_Handler  stm32f4xx_it.o
    0x08004292   0x08004292   0x00000020   Code   RO         1544    i.__NVIC_SetPriority  stm32f4xx_hal_cortex.o
    0x080042b2   0x080042b2   0x0000000c   Code   RO         4840    i.inHandlerMode     cmsis_os.o
    0x080042be   0x080042be   0x00000002   PAD
    0x080042c0   0x080042c0   0x000000b4   Code   RO           16    i.main              main.o
    0x08004374   0x08004374   0x0000000c   Code   RO         4842    i.makeFreeRtosPriority  cmsis_os.o
    0x08004380   0x08004380   0x00000014   Code   RO         4844    i.osDelay           cmsis_os.o
    0x08004394   0x08004394   0x0000000a   Code   RO         4847    i.osKernelStart     cmsis_os.o
    0x0800439e   0x0800439e   0x0000003e   Code   RO         4873    i.osSemaphoreCreate  cmsis_os.o
    0x080043dc   0x080043dc   0x00000050   Code   RO         4876    i.osSemaphoreRelease  cmsis_os.o
    0x0800442c   0x0800442c   0x0000006c   Code   RO         4877    i.osSemaphoreWait   cmsis_os.o
    0x08004498   0x08004498   0x00000054   Code   RO         4881    i.osThreadCreate    cmsis_os.o
    0x080044ec   0x080044ec   0x00000070   Code   RO         4524    i.prvAddCurrentTaskToDelayedList  tasks.o
    0x0800455c   0x0800455c   0x000000d0   Code   RO         4525    i.prvAddNewTaskToReadyList  tasks.o
    0x0800462c   0x0800462c   0x00000026   Code   RO         4200    i.prvCopyDataFromQueue  queue.o
    0x08004652   0x08004652   0x0000006c   Code   RO         4201    i.prvCopyDataToQueue  queue.o
    0x080046be   0x080046be   0x00000034   Code   RO         4526    i.prvDeleteTCB      tasks.o
    0x080046f2   0x080046f2   0x00000002   PAD
    0x080046f4   0x080046f4   0x0000004c   Code   RO         5209    i.prvHeapInit       heap_4.o
    0x08004740   0x08004740   0x00000060   Code   RO         4527    i.prvIdleTask       tasks.o
    0x080047a0   0x080047a0   0x00000016   Code   RO         4203    i.prvInitialiseNewQueue  queue.o
    0x080047b6   0x080047b6   0x00000098   Code   RO         4528    i.prvInitialiseNewTask  tasks.o
    0x0800484e   0x0800484e   0x00000002   PAD
    0x08004850   0x08004850   0x0000004c   Code   RO         5210    i.prvInsertBlockIntoFreeList  heap_4.o
    0x0800489c   0x0800489c   0x0000001c   Code   RO         4204    i.prvIsQueueEmpty   queue.o
    0x080048b8   0x080048b8   0x00000020   Code   RO         4529    i.prvResetNextTaskUnblockTime  tasks.o
    0x080048d8   0x080048d8   0x00000028   Code   RO         5278    i.prvTaskExitError  port.o
    0x08004900   0x08004900   0x0000006a   Code   RO         4205    i.prvUnlockQueue    queue.o
    0x0800496a   0x0800496a   0x00000002   PAD
    0x0800496c   0x0800496c   0x000000dc   Code   RO         5211    i.pvPortMalloc      heap_4.o
    0x08004a48   0x08004a48   0x00000018   Code   RO         4531    i.pvTaskIncrementMutexHeldCount  tasks.o
    0x08004a60   0x08004a60   0x0000002c   Code   RO         5279    i.pxPortInitialiseStack  port.o
    0x08004a8c   0x08004a8c   0x00000026   Code   RO         4160    i.uxListRemove      list.o
    0x08004ab2   0x08004ab2   0x00000002   PAD
    0x08004ab4   0x08004ab4   0x00000014   Code   RO          270    i.vApplicationGetIdleTaskMemory  freertos.o
    0x08004ac8   0x08004ac8   0x00000016   Code   RO         4161    i.vListInitialise   list.o
    0x08004ade   0x08004ade   0x00000006   Code   RO         4162    i.vListInitialiseItem  list.o
    0x08004ae4   0x08004ae4   0x00000030   Code   RO         4163    i.vListInsert       list.o
    0x08004b14   0x08004b14   0x00000018   Code   RO         4164    i.vListInsertEnd    list.o
    0x08004b2c   0x08004b2c   0x00000040   Code   RO         5281    i.vPortEnterCritical  port.o
    0x08004b6c   0x08004b6c   0x00000028   Code   RO         5282    i.vPortExitCritical  port.o
    0x08004b94   0x08004b94   0x00000064   Code   RO         5212    i.vPortFree         heap_4.o
    0x08004bf8   0x08004bf8   0x00000024   Code   RO         5283    i.vPortSetupTimerInterrupt  port.o
    0x08004c1c   0x08004c1c   0x00000054   Code   RO         5284    i.vPortValidateInterruptPriority  port.o
    0x08004c70   0x08004c70   0x0000004c   Code   RO         4538    i.vTaskDelay        tasks.o
    0x08004cbc   0x08004cbc   0x00000010   Code   RO         4541    i.vTaskInternalSetTimeOutState  tasks.o
    0x08004ccc   0x08004ccc   0x0000000c   Code   RO         4542    i.vTaskMissedYield  tasks.o
    0x08004cd8   0x08004cd8   0x00000030   Code   RO         4544    i.vTaskPlaceOnEventList  tasks.o
    0x08004d08   0x08004d08   0x000000a0   Code   RO         4546    i.vTaskPriorityDisinheritAfterTimeout  tasks.o
    0x08004da8   0x08004da8   0x0000006c   Code   RO         4551    i.vTaskStartScheduler  tasks.o
    0x08004e14   0x08004e14   0x00000010   Code   RO         4553    i.vTaskSuspendAll   tasks.o
    0x08004e24   0x08004e24   0x0000005c   Code   RO         4554    i.vTaskSwitchContext  tasks.o
    0x08004e80   0x08004e80   0x000000f4   Code   RO         5285    i.xPortStartScheduler  port.o
    0x08004f74   0x08004f74   0x00000042   Code   RO         4214    i.xQueueGenericCreate  queue.o
    0x08004fb6   0x08004fb6   0x00000066   Code   RO         4215    i.xQueueGenericCreateStatic  queue.o
    0x0800501c   0x0800501c   0x00000088   Code   RO         4216    i.xQueueGenericReset  queue.o
    0x080050a4   0x080050a4   0x00000160   Code   RO         4217    i.xQueueGenericSend  queue.o
    0x08005204   0x08005204   0x0000009c   Code   RO         4219    i.xQueueGiveFromISR  queue.o
    0x080052a0   0x080052a0   0x0000009a   Code   RO         4225    i.xQueueReceiveFromISR  queue.o
    0x0800533a   0x0800533a   0x00000002   PAD
    0x0800533c   0x0800533c   0x00000178   Code   RO         4226    i.xQueueSemaphoreTake  queue.o
    0x080054b4   0x080054b4   0x00000074   Code   RO         4556    i.xTaskCheckForTimeOut  tasks.o
    0x08005528   0x08005528   0x0000005a   Code   RO         4557    i.xTaskCreate       tasks.o
    0x08005582   0x08005582   0x00000056   Code   RO         4558    i.xTaskCreateStatic  tasks.o
    0x080055d8   0x080055d8   0x0000001c   Code   RO         4562    i.xTaskGetSchedulerState  tasks.o
    0x080055f4   0x080055f4   0x000000cc   Code   RO         4565    i.xTaskIncrementTick  tasks.o
    0x080056c0   0x080056c0   0x00000098   Code   RO         4568    i.xTaskPriorityDisinherit  tasks.o
    0x08005758   0x08005758   0x0000008c   Code   RO         4569    i.xTaskPriorityInherit  tasks.o
    0x080057e4   0x080057e4   0x00000074   Code   RO         4570    i.xTaskRemoveFromEventList  tasks.o
    0x08005858   0x08005858   0x000000c4   Code   RO         4571    i.xTaskResumeAll    tasks.o
    0x0800591c   0x0800591c   0x00000062   Code   RO         5832    x$fpl$d2f           fz_wm.l(d2f.o)
    0x0800597e   0x0800597e   0x00000002   PAD
    0x08005980   0x08005980   0x00000150   Code   RO         5834    x$fpl$dadd          fz_wm.l(daddsub_clz.o)
    0x08005ad0   0x08005ad0   0x00000154   Code   RO         5854    x$fpl$dmul          fz_wm.l(dmul.o)
    0x08005c24   0x08005c24   0x0000009c   Code   RO         5904    x$fpl$dnaninf       fz_wm.l(dnaninf.o)
    0x08005cc0   0x08005cc0   0x0000000c   Code   RO         5906    x$fpl$dretinf       fz_wm.l(dretinf.o)
    0x08005ccc   0x08005ccc   0x000001d4   Code   RO         5836    x$fpl$dsub          fz_wm.l(daddsub_clz.o)
    0x08005ea0   0x08005ea0   0x00000056   Code   RO         5856    x$fpl$f2d           fz_wm.l(f2d.o)
    0x08005ef6   0x08005ef6   0x0000008c   Code   RO         5910    x$fpl$fnaninf       fz_wm.l(fnaninf.o)
    0x08005f82   0x08005f82   0x0000000a   Code   RO         6050    x$fpl$fpinit        fz_wm.l(fpinit.o)
    0x08005f8c   0x08005f8c   0x0000000a   Code   RO         5912    x$fpl$fretinf       fz_wm.l(fretinf.o)
    0x08005f96   0x08005f96   0x00000000   Code   RO         5914    x$fpl$usenofp       fz_wm.l(usenofp.o)
    0x08005f96   0x08005f96   0x00000002   PAD
    0x08005f98   0x08005f98   0x000000c4   Data   RO          273    .constdata          freertos.o
    0x0800605c   0x0800605c   0x00000008   Data   RO         1261    .constdata          stm32f4xx_hal_dma.o
    0x08006064   0x08006064   0x00000010   Data   RO         4023    .constdata          system_stm32f4xx.o
    0x08006074   0x08006074   0x00000008   Data   RO         4024    .constdata          system_stm32f4xx.o
    0x0800607c   0x0800607c   0x00000720   Data   RO         5441    .constdata          oled.o
    0x0800679c   0x0800679c   0x00000048   Data   RO          274    .conststring        freertos.o
    0x080067e4   0x080067e4   0x00000020   Data   RO         6108    Region$$Table       anon$$obj.o


    Execution Region RW_IRAM1 (Exec base: 0x20000000, Load base: 0x08006804, Size: 0x00004c68, Max: 0x0001c000, ABSOLUTE)

    Exec Addr    Load Addr    Size         Type   Attr      Idx    E Section Name        Object

    0x20000000   0x08006804   0x00000050   Data   RW          276    .data               freertos.o
    0x20000050   0x08006854   0x0000000c   Data   RW         1688    .data               stm32f4xx_hal.o
    0x2000005c   0x08006860   0x00000004   Data   RW         4025    .data               system_stm32f4xx.o
    0x20000060   0x08006864   0x0000003c   Data   RW         4574    .data               tasks.o
    0x2000009c   0x080068a0   0x00000020   Data   RW         5218    .data               heap_4.o
    0x200000bc   0x080068c0   0x0000000c   Data   RW         5286    .data               port.o
    0x200000c8   0x080068cc   0x00000001   Data   RW         5729    .data               key.o
    0x200000c9   0x080068cd   0x00000003   PAD
    0x200000cc        -       0x00000444   Zero   RW          272    .bss                freertos.o
    0x20000510        -       0x00000054   Zero   RW          411    .bss                i2c.o
    0x20000564        -       0x00000058   Zero   RW          453    .bss                spi.o
    0x200005bc        -       0x00000168   Zero   RW          502    .bss                tim.o
    0x20000724        -       0x000001a8   Zero   RW          580    .bss                usart.o
    0x200008cc        -       0x00000048   Zero   RW          751    .bss                stm32f4xx_hal_timebase_tim.o
    0x20000914        -       0x000000f0   Zero   RW         4573    .bss                tasks.o
    0x20000a04        -       0x00003c00   Zero   RW         5217    .bss                heap_4.o
    0x20004604        -       0x00000060   Zero   RW         5966    .bss                c_w.l(libspace.o)
    0x20004664   0x080068cd   0x00000004   PAD
    0x20004668        -       0x00000200   Zero   RW            2    HEAP                startup_stm32f407xx.o
    0x20004868        -       0x00000400   Zero   RW            1    STACK               startup_stm32f407xx.o


    Execution Region RW_IRAM2 (Exec base: 0x2001c000, Load base: 0x080068d0, Size: 0x00000000, Max: 0x00004000, ABSOLUTE)

    **** No section assigned to this execution region ****


==============================================================================

Image component sizes


      Code (inc. data)   RO Data    RW Data    ZI Data      Debug   Object Name

        88         20          0          0          0        887   bsp_uart.o
       388         10          0          0          0      31336   cmsis_os.o
        92          4          0          0          0        814   dma.o
         8          0          0          0          0        787   encoder.o
         0          0          0          0          0      19956   event_groups.o
      1602        140        268         80       1092       9848   freertos.o
       204         16          0          0          0       1003   gpio.o
       472         24          0         32      15360       7371   heap_4.o
       172         28          0          0         84       1653   i2c.o
       220          8          0          1          0        699   key.o
       138          0          0          0          0       3514   list.o
       352         40          0          0          0     740388   main.o
        28         10          0          0          0        768   motor.o
       606         22       1824          0          0       4753   oled.o
       508         88          0          0          0       3805   pid.o
       786         84          0         12          0      11777   port.o
      1644         14          0          0          0      18004   queue.o
       176         22          0          0         88       1665   spi.o
        64         26        392          0       1536        836   startup_stm32f407xx.o
       116         18          0         12          0       8674   stm32f4xx_hal.o
       158         14          0          0          0      33130   stm32f4xx_hal_cortex.o
      1084         16          8          0          0       7294   stm32f4xx_hal_dma.o
       516         46          0          0          0       2831   stm32f4xx_hal_gpio.o
       392         16          0          0          0       3103   stm32f4xx_hal_i2c.o
        56          4          0          0          0        854   stm32f4xx_hal_msp.o
      1408         82          0          0          0       5857   stm32f4xx_hal_rcc.o
       818         12          0          0          0       4578   stm32f4xx_hal_spi.o
      2326        136          0          0          0      18737   stm32f4xx_hal_tim.o
       232         28          0          0          0       3249   stm32f4xx_hal_tim_ex.o
       116         16          0          0         72       1403   stm32f4xx_hal_timebase_tim.o
      2130         30          0          0          0      15295   stm32f4xx_hal_uart.o
       176         56          0          0          0       7034   stm32f4xx_it.o
         0          0          0          0          0        396   stream_buffer.o
        16          4         24          4          0       1111   system_stm32f4xx.o
      2332        174          0         60        240      27551   tasks.o
      1092        102          0          0        360       6030   tim.o
       508         48          0          0        424       2684   usart.o

    ----------------------------------------------------------------------
     21074       1358       2548        204      19256    1009675   Object Totals
         0          0         32          0          0          0   (incl. Generated)
        50          0          0          3          0          0   (incl. Padding)

    ----------------------------------------------------------------------

      Code (inc. data)   RO Data    RW Data    ZI Data      Debug   Library Member Name

         8          0          0          0          0         68   __main.o
       104          0          0          0          0         84   __printf.o
         0          0          0          0          0          0   __rtentry.o
        12          0          0          0          0          0   __rtentry2.o
         6          0          0          0          0          0   __rtentry4.o
        52          8          0          0          0          0   __scatter.o
        26          0          0          0          0          0   __scatter_copy.o
        28          0          0          0          0          0   __scatter_zi.o
        48          6          0          0          0         96   _printf_char_common.o
         6          0          0          0          0          0   _printf_d.o
       120         16          0          0          0         92   _printf_dec.o
       178          0          0          0          0         88   _printf_intcommon.o
         0          0          0          0          0          0   _printf_percent.o
         4          0          0          0          0          0   _printf_percent_end.o
        10          0          0          0          0         68   _sputc.o
        18          0          0          0          0         80   exit.o
         6          0          0          0          0        152   heapauxi.o
         0          0          0          0          0          0   indicate_semi.o
         2          0          0          0          0          0   libinit.o
         6          0          0          0          0          0   libinit2.o
         2          0          0          0          0          0   libshutdown.o
         2          0          0          0          0          0   libshutdown2.o
         8          4          0          0         96         68   libspace.o
       238          0          0          0          0        100   lludivv7m.o
        40          6          0          0          0         84   noretval__2sprintf.o
        78          0          0          0          0         80   rt_memclr_w.o
       138          0          0          0          0         68   rt_memcpy_v6.o
       100          0          0          0          0         80   rt_memcpy_w.o
         2          0          0          0          0          0   rtexit.o
        10          0          0          0          0          0   rtexit2.o
        12          4          0          0          0         68   sys_exit.o
        74          0          0          0          0         80   sys_stackheap_outer.o
         2          0          0          0          0         68   use_no_semi.o
        98          4          0          0          0        140   d2f.o
       804         16          0          0          0        368   daddsub_clz.o
       340         12          0          0          0        152   dmul.o
       156          4          0          0          0        140   dnaninf.o
        12          0          0          0          0        116   dretinf.o
        86          4          0          0          0        132   f2d.o
       140          4          0          0          0        132   fnaninf.o
        10          0          0          0          0        116   fpinit.o
        10          0          0          0          0        116   fretinf.o
         0          0          0          0          0          0   usenofp.o

    ----------------------------------------------------------------------
      3006         88          0          0        100       2836   Library Totals
        10          0          0          0          4          0   (incl. Padding)

    ----------------------------------------------------------------------

      Code (inc. data)   RO Data    RW Data    ZI Data      Debug   Library Name

      1340         44          0          0         96       1424   c_w.l
      1656         44          0          0          0       1412   fz_wm.l

    ----------------------------------------------------------------------
      3006         88          0          0        100       2836   Library Totals

    ----------------------------------------------------------------------

==============================================================================


      Code (inc. data)   RO Data    RW Data    ZI Data      Debug   

     24080       1446       2548        204      19356     991635   Grand Totals
     24080       1446       2548        204      19356     991635   ELF Image Totals
     24080       1446       2548        204          0          0   ROM Totals

==============================================================================

    Total RO  Size (Code + RO Data)                26628 (  26.00kB)
    Total RW  Size (RW Data + ZI Data)             19560 (  19.10kB)
    Total ROM Size (Code + RO Data + RW Data)      26832 (  26.20kB)

==============================================================================

